Archive member included to satisfy reference by file (symbol)

C:/ti/mspm0_sdk_2_04_00_06/source\ti/driverlib/lib/gcc/m0p/mspm0g1x0x_g3x0x/driverlib.a(dl_common.o)
                              ./ti_msp_dl_config.o (DL_Common_delayCycles)
c:/ti/gcc-arm-none-eabi_10_3_2021/bin/../lib/gcc/arm-none-eabi/10.3.1/thumb/v6-m/nofp\libgcc.a(_udivsi3.o)
                              ./threadx/common/src/tx_block_pool_create.o (__aeabi_uidiv)
c:/ti/gcc-arm-none-eabi_10_3_2021/bin/../lib/gcc/arm-none-eabi/10.3.1/thumb/v6-m/nofp\libgcc.a(_dvmd_tls.o)
                              c:/ti/gcc-arm-none-eabi_10_3_2021/bin/../lib/gcc/arm-none-eabi/10.3.1/thumb/v6-m/nofp\libgcc.a(_udivsi3.o) (__aeabi_idiv0)
C:/ti/gcc-arm-none-eabi_10_3_2021/arm-none-eabi/lib/thumb/v6-m/nofp\libc.a(lib_a-init.o)
                              ./startup_mspm0g350x_gcc.o (__libc_init_array)

Discarded input sections

 .rodata.I2C0   0x00000000        0x4 ./ti_msp_dl_config.o
 .rodata.SYSCTL
                0x00000000        0x4 ./ti_msp_dl_config.o
 .rodata.WWDT1  0x00000000        0x4 ./ti_msp_dl_config.o
 .rodata.CPUSS  0x00000000        0x4 ./ti_msp_dl_config.o
 .rodata.CANFD0
                0x00000000        0x4 ./ti_msp_dl_config.o
 .rodata.IOMUX  0x00000000        0x4 ./ti_msp_dl_config.o
 .rodata.GPIOB  0x00000000        0x4 ./ti_msp_dl_config.o
 .rodata.CRC    0x00000000        0x4 ./ti_msp_dl_config.o
 .rodata.WWDT0  0x00000000        0x4 ./ti_msp_dl_config.o
 .rodata.SPI1   0x00000000        0x4 ./ti_msp_dl_config.o
 .rodata.DAC0   0x00000000        0x4 ./ti_msp_dl_config.o
 .rodata.I2C1   0x00000000        0x4 ./ti_msp_dl_config.o
 .rodata.GPIOA  0x00000000        0x4 ./ti_msp_dl_config.o
 .rodata.FLASHCTL
                0x00000000        0x4 ./ti_msp_dl_config.o
 .rodata.TRNG   0x00000000        0x4 ./ti_msp_dl_config.o
 .rodata.RTC    0x00000000        0x4 ./ti_msp_dl_config.o
 .rodata.SPI0   0x00000000        0x4 ./ti_msp_dl_config.o
 .rodata.AES    0x00000000        0x4 ./ti_msp_dl_config.o
 .rodata.DMA    0x00000000        0x4 ./ti_msp_dl_config.o
 .rodata.OPA0   0x00000000        0x4 ./ti_msp_dl_config.o
 .rodata.OPA1   0x00000000        0x4 ./ti_msp_dl_config.o
 .rodata.TIMA0  0x00000000        0x4 ./ti_msp_dl_config.o
 .rodata.TIMA1  0x00000000        0x4 ./ti_msp_dl_config.o
 .rodata.UART3  0x00000000        0x4 ./ti_msp_dl_config.o
 .rodata.UART0  0x00000000        0x4 ./ti_msp_dl_config.o
 .rodata.UART1  0x00000000        0x4 ./ti_msp_dl_config.o
 .rodata.UART2  0x00000000        0x4 ./ti_msp_dl_config.o
 .rodata.COMP0  0x00000000        0x4 ./ti_msp_dl_config.o
 .rodata.COMP1  0x00000000        0x4 ./ti_msp_dl_config.o
 .rodata.COMP2  0x00000000        0x4 ./ti_msp_dl_config.o
 .rodata.WUC    0x00000000        0x4 ./ti_msp_dl_config.o
 .rodata.FACTORYREGION
                0x00000000        0x4 ./ti_msp_dl_config.o
 .rodata.ADC0   0x00000000        0x4 ./ti_msp_dl_config.o
 .rodata.ADC0_PERIPHERALREGIONSVT
                0x00000000        0x4 ./ti_msp_dl_config.o
 .rodata.ADC1   0x00000000        0x4 ./ti_msp_dl_config.o
 .rodata.ADC1_PERIPHERALREGIONSVT
                0x00000000        0x4 ./ti_msp_dl_config.o
 .rodata.TIMG0  0x00000000        0x4 ./ti_msp_dl_config.o
 .rodata.VREF   0x00000000        0x4 ./ti_msp_dl_config.o
 .rodata.MATHACL
                0x00000000        0x4 ./ti_msp_dl_config.o
 .rodata.TIMG12
                0x00000000        0x4 ./ti_msp_dl_config.o
 .rodata.TIMG6  0x00000000        0x4 ./ti_msp_dl_config.o
 .rodata.TIMG7  0x00000000        0x4 ./ti_msp_dl_config.o
 .rodata.TIMG8  0x00000000        0x4 ./ti_msp_dl_config.o
 .rodata.DEBUGSS
                0x00000000        0x4 ./ti_msp_dl_config.o
 .rodata.I2C0   0x00000000        0x4 ./example_build.o
 .rodata.SYSCTL
                0x00000000        0x4 ./example_build.o
 .rodata.WWDT1  0x00000000        0x4 ./example_build.o
 .rodata.CPUSS  0x00000000        0x4 ./example_build.o
 .rodata.CANFD0
                0x00000000        0x4 ./example_build.o
 .rodata.IOMUX  0x00000000        0x4 ./example_build.o
 .rodata.GPIOB  0x00000000        0x4 ./example_build.o
 .rodata.CRC    0x00000000        0x4 ./example_build.o
 .rodata.WWDT0  0x00000000        0x4 ./example_build.o
 .rodata.SPI1   0x00000000        0x4 ./example_build.o
 .rodata.DAC0   0x00000000        0x4 ./example_build.o
 .rodata.I2C1   0x00000000        0x4 ./example_build.o
 .rodata.GPIOA  0x00000000        0x4 ./example_build.o
 .rodata.FLASHCTL
                0x00000000        0x4 ./example_build.o
 .rodata.TRNG   0x00000000        0x4 ./example_build.o
 .rodata.RTC    0x00000000        0x4 ./example_build.o
 .rodata.SPI0   0x00000000        0x4 ./example_build.o
 .rodata.AES    0x00000000        0x4 ./example_build.o
 .rodata.DMA    0x00000000        0x4 ./example_build.o
 .rodata.OPA0   0x00000000        0x4 ./example_build.o
 .rodata.OPA1   0x00000000        0x4 ./example_build.o
 .rodata.TIMA0  0x00000000        0x4 ./example_build.o
[...]
Memory Configuration

Name             Origin             Length             Attributes
FLASH            0x00000000         0x00020000         xr
SRAM             0x20200000         0x00008000         xrw
BCR_CONFIG       0x41c00000         0x000000ff         r
BSL_CONFIG       0x41c00100         0x00000080         r
*default*        0x00000000         0xffffffff

Linker script and memory map

LOAD ./ti_msp_dl_config.o
LOAD ./startup_mspm0g350x_gcc.o
LOAD ./example_build.o
LOAD ./threadx/common/src/tx_block_allocate.o
LOAD ./threadx/common/src/tx_block_pool_cleanup.o
LOAD ./threadx/common/src/tx_block_pool_create.o
LOAD ./threadx/common/src/tx_block_pool_delete.o
LOAD ./threadx/common/src/tx_block_pool_info_get.o
LOAD ./threadx/common/src/tx_block_pool_initialize.o
LOAD ./threadx/common/src/tx_block_pool_performance_info_get.o
LOAD ./threadx/common/src/tx_block_pool_performance_system_info_get.o
LOAD ./threadx/common/src/tx_block_pool_prioritize.o
LOAD ./threadx/common/src/tx_block_release.o
LOAD ./threadx/common/src/tx_byte_allocate.o
LOAD ./threadx/common/src/tx_byte_pool_cleanup.o
LOAD ./threadx/common/src/tx_byte_pool_create.o
LOAD ./threadx/common/src/tx_byte_pool_delete.o
LOAD ./threadx/common/src/tx_byte_pool_info_get.o
LOAD ./threadx/common/src/tx_byte_pool_initialize.o
LOAD ./threadx/common/src/tx_byte_pool_performance_info_get.o
LOAD ./threadx/common/src/tx_byte_pool_performance_system_info_get.o
LOAD ./threadx/common/src/tx_byte_pool_prioritize.o
LOAD ./threadx/common/src/tx_byte_pool_search.o
LOAD ./threadx/common/src/tx_byte_release.o
LOAD ./threadx/common/src/tx_event_flags_cleanup.o
LOAD ./threadx/common/src/tx_event_flags_create.o
LOAD ./threadx/common/src/tx_event_flags_delete.o
LOAD ./threadx/common/src/tx_event_flags_get.o
LOAD ./threadx/common/src/tx_event_flags_info_get.o
LOAD ./threadx/common/src/tx_event_flags_initialize.o
LOAD ./threadx/common/src/tx_event_flags_performance_info_get.o
LOAD ./threadx/common/src/tx_event_flags_performance_system_info_get.o
LOAD ./threadx/common/src/tx_event_flags_set.o
LOAD ./threadx/common/src/tx_event_flags_set_notify.o
LOAD ./threadx/common/src/tx_initialize_high_level.o
LOAD ./threadx/common/src/tx_initialize_kernel_enter.o
LOAD ./threadx/common/src/tx_initialize_kernel_setup.o
LOAD ./threadx/common/src/tx_misra.o
LOAD ./threadx/common/src/tx_mutex_cleanup.o
LOAD ./threadx/common/src/tx_mutex_create.o
LOAD ./threadx/common/src/tx_mutex_delete.o
LOAD ./threadx/common/src/tx_mutex_get.o
LOAD ./threadx/common/src/tx_mutex_info_get.o
LOAD ./threadx/common/src/tx_mutex_initialize.o
LOAD ./threadx/common/src/tx_mutex_performance_info_get.o
LOAD ./threadx/common/src/tx_mutex_performance_system_info_get.o
LOAD ./threadx/common/src/tx_mutex_prioritize.o
LOAD ./threadx/common/src/tx_mutex_priority_change.o
LOAD ./threadx/common/src/tx_mutex_put.o
LOAD ./threadx/common/src/tx_queue_cleanup.o
LOAD ./threadx/common/src/tx_queue_create.o
LOAD ./threadx/common/src/tx_queue_delete.o
LOAD ./threadx/common/src/tx_queue_flush.o
LOAD ./threadx/common/src/tx_queue_front_send.o
LOAD ./threadx/common/src/tx_queue_info_get.o
LOAD ./threadx/common/src/tx_queue_initialize.o
LOAD ./threadx/common/src/tx_queue_performance_info_get.o
LOAD ./threadx/common/src/tx_queue_performance_system_info_get.o
LOAD ./threadx/common/src/tx_queue_prioritize.o
LOAD ./threadx/common/src/tx_queue_receive.o
LOAD ./threadx/common/src/tx_queue_send.o
LOAD ./threadx/common/src/tx_queue_send_notify.o
LOAD ./threadx/common/src/tx_semaphore_ceiling_put.o
LOAD ./threadx/common/src/tx_semaphore_cleanup.o
LOAD ./threadx/common/src/tx_semaphore_create.o
LOAD ./threadx/common/src/tx_semaphore_delete.o
LOAD ./threadx/common/src/tx_semaphore_get.o
LOAD ./threadx/common/src/tx_semaphore_info_get.o
LOAD ./threadx/common/src/tx_semaphore_initialize.o
LOAD ./threadx/common/src/tx_semaphore_performance_info_get.o
LOAD ./threadx/common/src/tx_semaphore_performance_system_info_get.o
LOAD ./threadx/common/src/tx_semaphore_prioritize.o
LOAD ./threadx/common/src/tx_semaphore_put.o
LOAD ./threadx/common/src/tx_semaphore_put_notify.o
LOAD ./threadx/common/src/tx_thread_create.o
LOAD ./threadx/common/src/tx_thread_delete.o
LOAD ./threadx/common/src/tx_thread_entry_exit_notify.o
LOAD ./threadx/common/src/tx_thread_identify.o
LOAD ./threadx/common/src/tx_thread_info_get.o
LOAD ./threadx/common/src/tx_thread_initialize.o
LOAD ./threadx/common/src/tx_thread_performance_info_get.o
LOAD ./threadx/common/src/tx_thread_performance_system_info_get.o
LOAD ./threadx/common/src/tx_thread_preemption_change.o
LOAD ./threadx/common/src/tx_thread_priority_change.o
LOAD ./threadx/common/src/tx_thread_relinquish.o
LOAD ./threadx/common/src/tx_thread_reset.o
LOAD ./threadx/common/src/tx_thread_resume.o
LOAD ./threadx/common/src/tx_thread_shell_entry.o
LOAD ./threadx/common/src/tx_thread_sleep.o
LOAD ./threadx/common/src/tx_thread_stack_analyze.o
LOAD ./threadx/common/src/tx_thread_stack_error_handler.o
LOAD ./threadx/common/src/tx_thread_stack_error_notify.o
LOAD ./threadx/common/src/tx_thread_suspend.o
LOAD ./threadx/common/src/tx_thread_system_preempt_check.o
LOAD ./threadx/common/src/tx_thread_system_resume.o
LOAD ./threadx/common/src/tx_thread_system_suspend.o
LOAD ./threadx/common/src/tx_thread_terminate.o
LOAD ./threadx/common/src/tx_thread_time_slice.o
LOAD ./threadx/common/src/tx_thread_time_slice_change.o
LOAD ./threadx/common/src/tx_thread_timeout.o
LOAD ./threadx/common/src/tx_thread_wait_abort.o
LOAD ./threadx/common/src/tx_time_get.o
LOAD ./threadx/common/src/tx_time_set.o
LOAD ./threadx/common/src/tx_timer_activate.o
LOAD ./threadx/common/src/tx_timer_change.o
LOAD ./threadx/common/src/tx_timer_create.o
LOAD ./threadx/common/src/tx_timer_deactivate.o
LOAD ./threadx/common/src/tx_timer_delete.o
LOAD ./threadx/common/src/tx_timer_expiration_process.o
LOAD ./threadx/common/src/tx_timer_info_get.o
LOAD ./threadx/common/src/tx_timer_initialize.o
LOAD ./threadx/common/src/tx_timer_performance_info_get.o
LOAD ./threadx/common/src/tx_timer_performance_system_info_get.o
LOAD ./threadx/common/src/tx_timer_system_activate.o
LOAD ./threadx/common/src/tx_timer_system_deactivate.o
LOAD ./threadx/common/src/tx_timer_thread_entry.o
LOAD ./threadx/common/src/tx_trace_buffer_full_notify.o
LOAD ./threadx/common/src/tx_trace_disable.o
LOAD ./threadx/common/src/tx_trace_enable.o
LOAD ./threadx/common/src/tx_trace_event_filter.o
LOAD ./threadx/common/src/tx_trace_event_unfilter.o
LOAD ./threadx/common/src/tx_trace_initialize.o
LOAD ./threadx/common/src/tx_trace_interrupt_control.o
LOAD ./threadx/common/src/tx_trace_isr_enter_insert.o
LOAD ./threadx/common/src/tx_trace_isr_exit_insert.o
LOAD ./threadx/common/src/tx_trace_object_register.o
LOAD ./threadx/common/src/tx_trace_object_unregister.o
LOAD ./threadx/common/src/tx_trace_user_event_insert.o
LOAD ./threadx/common/src/txe_block_allocate.o
LOAD ./threadx/common/src/txe_block_pool_create.o
LOAD ./threadx/common/src/txe_block_pool_delete.o
LOAD ./threadx/common/src/txe_block_pool_info_get.o
LOAD ./threadx/common/src/txe_block_pool_prioritize.o
LOAD ./threadx/common/src/txe_block_release.o
LOAD ./threadx/common/src/txe_byte_allocate.o
LOAD ./threadx/common/src/txe_byte_pool_create.o
LOAD ./threadx/common/src/txe_byte_pool_delete.o
LOAD ./threadx/common/src/txe_byte_pool_info_get.o
LOAD ./threadx/common/src/txe_byte_pool_prioritize.o
LOAD ./threadx/common/src/txe_byte_release.o
LOAD ./threadx/common/src/txe_event_flags_create.o
LOAD ./threadx/common/src/txe_event_flags_delete.o
LOAD ./threadx/common/src/txe_event_flags_get.o
LOAD ./threadx/common/src/txe_event_flags_info_get.o
LOAD ./threadx/common/src/txe_event_flags_set.o
LOAD ./threadx/common/src/txe_event_flags_set_notify.o
LOAD ./threadx/common/src/txe_mutex_create.o
LOAD ./threadx/common/src/txe_mutex_delete.o
LOAD ./threadx/common/src/txe_mutex_get.o
LOAD ./threadx/common/src/txe_mutex_info_get.o
LOAD ./threadx/common/src/txe_mutex_prioritize.o
LOAD ./threadx/common/src/txe_mutex_put.o
LOAD ./threadx/common/src/txe_queue_create.o
LOAD ./threadx/common/src/txe_queue_delete.o
LOAD ./threadx/common/src/txe_queue_flush.o
LOAD ./threadx/common/src/txe_queue_front_send.o
LOAD ./threadx/common/src/txe_queue_info_get.o
LOAD ./threadx/common/src/txe_queue_prioritize.o
LOAD ./threadx/common/src/txe_queue_receive.o
LOAD ./threadx/common/src/txe_queue_send.o
LOAD ./threadx/common/src/txe_queue_send_notify.o
LOAD ./threadx/common/src/txe_semaphore_ceiling_put.o
LOAD ./threadx/common/src/txe_semaphore_create.o
LOAD ./threadx/common/src/txe_semaphore_delete.o
LOAD ./threadx/common/src/txe_semaphore_get.o
LOAD ./threadx/common/src/txe_semaphore_info_get.o
LOAD ./threadx/common/src/txe_semaphore_prioritize.o
LOAD ./threadx/common/src/txe_semaphore_put.o
LOAD ./threadx/common/src/txe_semaphore_put_notify.o
LOAD ./threadx/common/src/txe_thread_create.o
LOAD ./threadx/common/src/txe_thread_delete.o
LOAD ./threadx/common/src/txe_thread_entry_exit_notify.o
LOAD ./threadx/common/src/txe_thread_info_get.o
LOAD ./threadx/common/src/txe_thread_preemption_change.o
LOAD ./threadx/common/src/txe_thread_priority_change.o
LOAD ./threadx/common/src/txe_thread_relinquish.o
LOAD ./threadx/common/src/txe_thread_reset.o
LOAD ./threadx/common/src/txe_thread_resume.o
LOAD ./threadx/common/src/txe_thread_suspend.o
LOAD ./threadx/common/src/txe_thread_terminate.o
LOAD ./threadx/common/src/txe_thread_time_slice_change.o
LOAD ./threadx/common/src/txe_thread_wait_abort.o
LOAD ./threadx/common/src/txe_timer_activate.o
LOAD ./threadx/common/src/txe_timer_change.o
LOAD ./threadx/common/src/txe_timer_create.o
LOAD ./threadx/common/src/txe_timer_deactivate.o
LOAD ./threadx/common/src/txe_timer_delete.o
LOAD ./threadx/common/src/txe_timer_info_get.o
LOAD ./threadx/ports/cortex_m0/gnu/tx_initialize_low_level.o
LOAD ./threadx/ports/cortex_m0/gnu/tx_thread_context_restore.o
LOAD ./threadx/ports/cortex_m0/gnu/tx_thread_context_save.o
LOAD ./threadx/ports/cortex_m0/gnu/tx_thread_interrupt_control.o
LOAD ./threadx/ports/cortex_m0/gnu/tx_thread_interrupt_disable.o
LOAD ./threadx/ports/cortex_m0/gnu/tx_thread_interrupt_restore.o
LOAD ./threadx/ports/cortex_m0/gnu/tx_thread_schedule.o
LOAD ./threadx/ports/cortex_m0/gnu/tx_thread_stack_build.o
LOAD ./threadx/ports/cortex_m0/gnu/tx_thread_system_return.o
LOAD ./threadx/ports/cortex_m0/gnu/tx_timer_interrupt.o
                0x00000100                _Heap_Size = 0x100
                0x00000400                _Stack_Size = 0x400
                0x00000000                PROVIDE (_intvecs_base_address = DEFINED (_intvecs_base_address)?_intvecs_base_address:0x0)

.intvecs        0x00000000       0xc0
 *(.intvecs)
 .intvecs       0x00000000       0xc0 ./startup_mspm0g350x_gcc.o
                0x00000000                interruptVectors
                0x00000000                PROVIDE (_vectors = _intvecs_base_address)
                0x20200000                PROVIDE (_vtable_base_address = DEFINED (_vtable_base_address)?_vtable_base_address:0x20200000)

.vtable
 *(.vtable)

.text           0x000000c0     0x5830
 CREATE_OBJECT_SYMBOLS
 *(.text)
 .text          0x000000c0        0x0 ./ti_msp_dl_config.o
 .text          0x000000c0        0x0 ./startup_mspm0g350x_gcc.o
 .text          0x000000c0        0x0 ./example_build.o
 .text          0x000000c0        0x0 ./threadx/common/src/tx_block_allocate.o
 .text          0x000000c0        0x0 ./threadx/common/src/tx_block_pool_cleanup.o
 .text          0x000000c0        0x0 ./threadx/common/src/tx_block_pool_create.o
 .text          0x000000c0        0x0 ./threadx/common/src/tx_block_pool_delete.o
 .text          0x000000c0        0x0 ./threadx/common/src/tx_block_pool_info_get.o
 .text          0x000000c0        0x0 ./threadx/common/src/tx_block_pool_initialize.o
 .text          0x000000c0        0x0 ./threadx/common/src/tx_block_pool_performance_info_get.o
 .text          0x000000c0        0x0 ./threadx/common/src/tx_block_pool_performance_system_info_get.o
 .text          0x000000c0        0x0 ./threadx/common/src/tx_block_pool_prioritize.o
 .text          0x000000c0        0x0 ./threadx/common/src/tx_block_release.o
 .text          0x000000c0        0x0 ./threadx/common/src/tx_byte_allocate.o
 .text          0x000000c0        0x0 ./threadx/common/src/tx_byte_pool_cleanup.o
 .text          0x000000c0        0x0 ./threadx/common/src/tx_byte_pool_create.o
 .text          0x000000c0        0x0 ./threadx/common/src/tx_byte_pool_delete.o
 .text          0x000000c0        0x0 ./threadx/common/src/tx_byte_pool_info_get.o
 .text          0x000000c0        0x0 ./threadx/common/src/tx_byte_pool_initialize.o
 .text          0x000000c0        0x0 ./threadx/common/src/tx_byte_pool_performance_info_get.o
 .text          0x000000c0        0x0 ./threadx/common/src/tx_byte_pool_performance_system_info_get.o
 .text          0x000000c0        0x0 ./threadx/common/src/tx_byte_pool_prioritize.o
 .text          0x000000c0        0x0 ./threadx/common/src/tx_byte_pool_search.o
 .text          0x000000c0        0x0 ./threadx/common/src/tx_byte_release.o
 .text          0x000000c0        0x0 ./threadx/common/src/tx_event_flags_cleanup.o
 .text          0x000000c0        0x0 ./threadx/common/src/tx_event_flags_create.o
 .text          0x000000c0        0x0 ./threadx/common/src/tx_event_flags_delete.o
 .text          0x000000c0        0x0 ./threadx/common/src/tx_event_flags_get.o
 .text          0x000000c0        0x0 ./threadx/common/src/tx_event_flags_info_get.o
 .text          0x000000c0        0x0 ./threadx/common/src/tx_event_flags_initialize.o
 .text          0x000000c0        0x0 ./threadx/common/src/tx_event_flags_performance_info_get.o
 .text          0x000000c0        0x0 ./threadx/common/src/tx_event_flags_performance_system_info_get.o
 .text          0x000000c0        0x0 ./threadx/common/src/tx_event_flags_set.o
 .text          0x000000c0        0x0 ./threadx/common/src/tx_event_flags_set_notify.o
 .text          0x000000c0        0x0 ./threadx/common/src/tx_initialize_high_level.o
 .text          0x000000c0        0x0 ./threadx/common/src/tx_initialize_kernel_enter.o
 .text          0x000000c0        0x0 ./threadx/common/src/tx_initialize_kernel_setup.o
 .text          0x000000c0        0x0 ./threadx/common/src/tx_misra.o
 .text          0x000000c0        0x0 ./threadx/common/src/tx_mutex_cleanup.o
 .text          0x000000c0        0x0 ./threadx/common/src/tx_mutex_create.o
 .text          0x000000c0        0x0 ./threadx/common/src/tx_mutex_delete.o
 .text          0x000000c0        0x0 ./threadx/common/src/tx_mutex_get.o
 .text          0x000000c0        0x0 ./threadx/common/src/tx_mutex_info_get.o
 .text          0x000000c0        0x0 ./threadx/common/src/tx_mutex_initialize.o
 .text          0x000000c0        0x0 ./threadx/common/src/tx_mutex_performance_info_get.o
 .text          0x000000c0        0x0 ./threadx/common/src/tx_mutex_performance_system_info_get.o
 .text          0x000000c0        0x0 ./threadx/common/src/tx_mutex_prioritize.o
 .text          0x000000c0        0x0 ./threadx/common/src/tx_mutex_priority_change.o
 .text          0x000000c0        0x0 ./threadx/common/src/tx_mutex_put.o
 .text          0x000000c0        0x0 ./threadx/common/src/tx_queue_cleanup.o
 .text          0x000000c0        0x0 ./threadx/common/src/tx_queue_create.o
 .text          0x000000c0        0x0 ./threadx/common/src/tx_queue_delete.o
 .text          0x000000c0        0x0 ./threadx/common/src/tx_queue_flush.o
 .text          0x000000c0        0x0 ./threadx/common/src/tx_queue_front_send.o
 .text          0x000000c0        0x0 ./threadx/common/src/tx_queue_info_get.o
 .text          0x000000c0        0x0 ./threadx/common/src/tx_queue_initialize.o
 .text          0x000000c0        0x0 ./threadx/common/src/tx_queue_performance_info_get.o
 .text          0x000000c0        0x0 ./threadx/common/src/tx_queue_performance_system_info_get.o
 .text          0x000000c0        0x0 ./threadx/common/src/tx_queue_prioritize.o
 .text          0x000000c0        0x0 ./threadx/common/src/tx_queue_receive.o
 .text          0x000000c0        0x0 ./threadx/common/src/tx_queue_send.o
 .text          0x000000c0        0x0 ./threadx/common/src/tx_queue_send_notify.o
 .text          0x000000c0        0x0 ./threadx/common/src/tx_semaphore_ceiling_put.o
 .text          0x000000c0        0x0 ./threadx/common/src/tx_semaphore_cleanup.o
 .text          0x000000c0        0x0 ./threadx/common/src/tx_semaphore_create.o
 .text          0x000000c0        0x0 ./threadx/common/src/tx_semaphore_delete.o
 .text          0x000000c0        0x0 ./threadx/common/src/tx_semaphore_get.o
 .text          0x000000c0        0x0 ./threadx/common/src/tx_semaphore_info_get.o
 .text          0x000000c0        0x0 ./threadx/common/src/tx_semaphore_initialize.o
 .text          0x000000c0        0x0 ./threadx/common/src/tx_semaphore_performance_info_get.o
 .text          0x000000c0        0x0 ./threadx/common/src/tx_semaphore_performance_system_info_get.o
 .text          0x000000c0        0x0 ./threadx/common/src/tx_semaphore_prioritize.o
 .text          0x000000c0        0x0 ./threadx/common/src/tx_semaphore_put.o
 .text          0x000000c0        0x0 ./threadx/common/src/tx_semaphore_put_notify.o
 .text          0x000000c0        0x0 ./threadx/common/src/tx_thread_create.o
 .text          0x000000c0        0x0 ./threadx/common/src/tx_thread_delete.o
 .text          0x000000c0        0x0 ./threadx/common/src/tx_thread_entry_exit_notify.o
 .text          0x000000c0        0x0 ./threadx/common/src/tx_thread_identify.o
 .text          0x000000c0        0x0 ./threadx/common/src/tx_thread_info_get.o
 .text          0x000000c0        0x0 ./threadx/common/src/tx_thread_initialize.o
 .text          0x000000c0        0x0 ./threadx/common/src/tx_thread_performance_info_get.o
 .text          0x000000c0        0x0 ./threadx/common/src/tx_thread_performance_system_info_get.o
 .text          0x000000c0        0x0 ./threadx/common/src/tx_thread_preemption_change.o
 .text          0x000000c0        0x0 ./threadx/common/src/tx_thread_priority_change.o
 .text          0x000000c0        0x0 ./threadx/common/src/tx_thread_relinquish.o
 .text          0x000000c0        0x0 ./threadx/common/src/tx_thread_reset.o
 .text          0x000000c0        0x0 ./threadx/common/src/tx_thread_resume.o
 .text          0x000000c0        0x0 ./threadx/common/src/tx_thread_shell_entry.o
 .text          0x000000c0        0x0 ./threadx/common/src/tx_thread_sleep.o
 .text          0x000000c0        0x0 ./threadx/common/src/tx_thread_stack_analyze.o
 .text          0x000000c0        0x0 ./threadx/common/src/tx_thread_stack_error_handler.o
 .text          0x000000c0        0x0 ./threadx/common/src/tx_thread_stack_error_notify.o
 .text          0x000000c0        0x0 ./threadx/common/src/tx_thread_suspend.o
 .text          0x000000c0        0x0 ./threadx/common/src/tx_thread_system_preempt_check.o
 .text          0x000000c0        0x0 ./threadx/common/src/tx_thread_system_resume.o
 .text          0x000000c0        0x0 ./threadx/common/src/tx_thread_system_suspend.o
 .text          0x000000c0        0x0 ./threadx/common/src/tx_thread_terminate.o
 .text          0x000000c0        0x0 ./threadx/common/src/tx_thread_time_slice.o
 .text          0x000000c0        0x0 ./threadx/common/src/tx_thread_time_slice_change.o
 .text          0x000000c0        0x0 ./threadx/common/src/tx_thread_timeout.o
 .text          0x000000c0        0x0 ./threadx/common/src/tx_thread_wait_abort.o
 .text          0x000000c0        0x0 ./threadx/common/src/tx_time_get.o
 .text          0x000000c0        0x0 ./threadx/common/src/tx_time_set.o
 .text          0x000000c0        0x0 ./threadx/common/src/tx_timer_activate.o
 .text          0x000000c0        0x0 ./threadx/common/src/tx_timer_change.o
 .text          0x000000c0        0x0 ./threadx/common/src/tx_timer_create.o
 .text          0x000000c0        0x0 ./threadx/common/src/tx_timer_deactivate.o
 .text          0x000000c0        0x0 ./threadx/common/src/tx_timer_delete.o
 .text          0x000000c0        0x0 ./threadx/common/src/tx_timer_expiration_process.o
 .text          0x000000c0        0x0 ./threadx/common/src/tx_timer_info_get.o
 .text          0x000000c0        0x0 ./threadx/common/src/tx_timer_initialize.o
 .text          0x000000c0        0x0 ./threadx/common/src/tx_timer_performance_info_get.o
 .text          0x000000c0        0x0 ./threadx/common/src/tx_timer_performance_system_info_get.o
 .text          0x000000c0        0x0 ./threadx/common/src/tx_timer_system_activate.o
 .text          0x000000c0        0x0 ./threadx/common/src/tx_timer_system_deactivate.o
 .text          0x000000c0        0x0 ./threadx/common/src/tx_timer_thread_entry.o
 .text          0x000000c0        0x0 ./threadx/common/src/tx_trace_buffer_full_notify.o
 .text          0x000000c0        0x0 ./threadx/common/src/tx_trace_disable.o
 .text          0x000000c0        0x0 ./threadx/common/src/tx_trace_enable.o
 .text          0x000000c0        0x0 ./threadx/common/src/tx_trace_event_filter.o
 .text          0x000000c0        0x0 ./threadx/common/src/tx_trace_event_unfilter.o
 .text          0x000000c0        0x0 ./threadx/common/src/tx_trace_initialize.o
 .text          0x000000c0        0x0 ./threadx/common/src/tx_trace_interrupt_control.o
 .text          0x000000c0        0x0 ./threadx/common/src/tx_trace_isr_enter_insert.o
 .text          0x000000c0        0x0 ./threadx/common/src/tx_trace_isr_exit_insert.o
 .text          0x000000c0        0x0 ./threadx/common/src/tx_trace_object_register.o
 .text          0x000000c0        0x0 ./threadx/common/src/tx_trace_object_unregister.o
 .text          0x000000c0        0x0 ./threadx/common/src/tx_trace_user_event_insert.o
 .text          0x000000c0        0x0 ./threadx/common/src/txe_block_allocate.o
 .text          0x000000c0        0x0 ./threadx/common/src/txe_block_pool_create.o
 .text          0x000000c0        0x0 ./threadx/common/src/txe_block_pool_delete.o
 .text          0x000000c0        0x0 ./threadx/common/src/txe_block_pool_info_get.o
 .text          0x000000c0        0x0 ./threadx/common/src/txe_block_pool_prioritize.o
 .text          0x000000c0        0x0 ./threadx/common/src/txe_block_release.o
 .text          0x000000c0        0x0 ./threadx/common/src/txe_byte_allocate.o
 .text          0x000000c0        0x0 ./threadx/common/src/txe_byte_pool_create.o
 .text          0x000000c0        0x0 ./threadx/common/src/txe_byte_pool_delete.o
 .text          0x000000c0        0x0 ./threadx/common/src/txe_byte_pool_info_get.o
 .text          0x000000c0        0x0 ./threadx/common/src/txe_byte_pool_prioritize.o
 .text          0x000000c0        0x0 ./threadx/common/src/txe_byte_release.o
 .text          0x000000c0        0x0 ./threadx/common/src/txe_event_flags_create.o
 .text          0x000000c0        0x0 ./threadx/common/src/txe_event_flags_delete.o
 .text          0x000000c0        0x0 ./threadx/common/src/txe_event_flags_get.o
 .text          0x000000c0        0x0 ./threadx/common/src/txe_event_flags_info_get.o
 .text          0x000000c0        0x0 ./threadx/common/src/txe_event_flags_set.o
 .text          0x000000c0        0x0 ./threadx/common/src/txe_event_flags_set_notify.o
 .text          0x000000c0        0x0 ./threadx/common/src/txe_mutex_create.o
 .text          0x000000c0        0x0 ./threadx/common/src/txe_mutex_delete.o
 .text          0x000000c0        0x0 ./threadx/common/src/txe_mutex_get.o
 .text          0x000000c0        0x0 ./threadx/common/src/txe_mutex_info_get.o
 .text          0x000000c0        0x0 ./threadx/common/src/txe_mutex_prioritize.o
 .text          0x000000c0        0x0 ./threadx/common/src/txe_mutex_put.o
 .text          0x000000c0        0x0 ./threadx/common/src/txe_queue_create.o
 .text          0x000000c0        0x0 ./threadx/common/src/txe_queue_delete.o
 .text          0x000000c0        0x0 ./threadx/common/src/txe_queue_flush.o
 .text          0x000000c0        0x0 ./threadx/common/src/txe_queue_front_send.o
 .text          0x000000c0        0x0 ./threadx/common/src/txe_queue_info_get.o
 .text          0x000000c0        0x0 ./threadx/common/src/txe_queue_prioritize.o
 .text          0x000000c0        0x0 ./threadx/common/src/txe_queue_receive.o
 .text          0x000000c0        0x0 ./threadx/common/src/txe_queue_send.o
 .text          0x000000c0        0x0 ./threadx/common/src/txe_queue_send_notify.o
 .text          0x000000c0        0x0 ./threadx/common/src/txe_semaphore_ceiling_put.o
 .text          0x000000c0        0x0 ./threadx/common/src/txe_semaphore_create.o
 .text          0x000000c0        0x0 ./threadx/common/src/txe_semaphore_delete.o
 .text          0x000000c0        0x0 ./threadx/common/src/txe_semaphore_get.o
 .text          0x000000c0        0x0 ./threadx/common/src/txe_semaphore_info_get.o
 .text          0x000000c0        0x0 ./threadx/common/src/txe_semaphore_prioritize.o
 .text          0x000000c0        0x0 ./threadx/common/src/txe_semaphore_put.o
 .text          0x000000c0        0x0 ./threadx/common/src/txe_semaphore_put_notify.o
 .text          0x000000c0        0x0 ./threadx/common/src/txe_thread_create.o
 .text          0x000000c0        0x0 ./threadx/common/src/txe_thread_delete.o
 .text          0x000000c0        0x0 ./threadx/common/src/txe_thread_entry_exit_notify.o
 .text          0x000000c0        0x0 ./threadx/common/src/txe_thread_info_get.o
 .text          0x000000c0        0x0 ./threadx/common/src/txe_thread_preemption_change.o
 .text          0x000000c0        0x0 ./threadx/common/src/txe_thread_priority_change.o
 .text          0x000000c0        0x0 ./threadx/common/src/txe_thread_relinquish.o
 .text          0x000000c0        0x0 ./threadx/common/src/txe_thread_reset.o
 .text          0x000000c0        0x0 ./threadx/common/src/txe_thread_resume.o
 .text          0x000000c0        0x0 ./threadx/common/src/txe_thread_suspend.o
 .text          0x000000c0        0x0 ./threadx/common/src/txe_thread_terminate.o
 .text          0x000000c0        0x0 ./threadx/common/src/txe_thread_time_slice_change.o
 .text          0x000000c0        0x0 ./threadx/common/src/txe_thread_wait_abort.o
 .text          0x000000c0        0x0 ./threadx/common/src/txe_timer_activate.o
 .text          0x000000c0        0x0 ./threadx/common/src/txe_timer_change.o
 .text          0x000000c0        0x0 ./threadx/common/src/txe_timer_create.o
 .text          0x000000c0        0x0 ./threadx/common/src/txe_timer_deactivate.o
 .text          0x000000c0        0x0 ./threadx/common/src/txe_timer_delete.o
 .text          0x000000c0        0x0 ./threadx/common/src/txe_timer_info_get.o
 .text          0x000000c0       0x9c ./threadx/ports/cortex_m0/gnu/tx_initialize_low_level.o
                0x000000c0                _tx_initialize_low_level
                0x00000106                __tx_BadHandler
                0x00000108                __tx_HardfaultHandler
                0x0000010a                __tx_IntHandler
                0x00000112                __tx_SysTickHandler
                0x00000112                SysTick_Handler
                0x0000011e                __tx_NMIHandler
                0x00000120                __tx_DBGHandler
 *fill*         0x0000015c        0x4 
 .text          0x00000160        0x4 ./threadx/ports/cortex_m0/gnu/tx_thread_context_restore.o
                0x00000160                _tx_thread_context_restore
 *fill*         0x00000164        0xc 
 .text          0x00000170        0x4 ./threadx/ports/cortex_m0/gnu/tx_thread_context_save.o
                0x00000170                _tx_thread_context_save
 *fill*         0x00000174        0xc 
 .text          0x00000180        0xc ./threadx/ports/cortex_m0/gnu/tx_thread_interrupt_control.o
                0x00000180                _tx_thread_interrupt_control
 *fill*         0x0000018c        0x4 
 .text          0x00000190        0x8 ./threadx/ports/cortex_m0/gnu/tx_thread_interrupt_disable.o
                0x00000190                _tx_thread_interrupt_disable
 *fill*         0x00000198        0x8 
 .text          0x000001a0        0x8 ./threadx/ports/cortex_m0/gnu/tx_thread_interrupt_restore.o
                0x000001a0                _tx_thread_interrupt_restore
 *fill*         0x000001a8        0x8 
 .text          0x000001b0       0xb8 ./threadx/ports/cortex_m0/gnu/tx_thread_schedule.o
                0x000001b0                _tx_thread_schedule
                0x000001c8                __tx_SVCallHandler
                0x000001c8                __tx_PendSVHandler
                0x000001c8                PendSV_Handler
 *fill*         0x00000268        0x8 
 .text          0x00000270       0x44 ./threadx/ports/cortex_m0/gnu/tx_thread_stack_build.o
                0x00000270                _tx_thread_stack_build
 *fill*         0x000002b4        0xc 
 .text          0x000002c0       0x24 ./threadx/ports/cortex_m0/gnu/tx_thread_system_return.o
                0x000002c0                _tx_thread_system_return
 *fill*         0x000002e4        0xc 
 .text          0x000002f0       0xc0 ./threadx/ports/cortex_m0/gnu/tx_timer_interrupt.o
                0x000002f0                _tx_timer_interrupt
 .text          0x000003b0        0x0 C:/ti/mspm0_sdk_2_04_00_06/source\ti/driverlib/lib/gcc/m0p/mspm0g1x0x_g3x0x/driverlib.a(dl_common.o)
 .text          0x000003b0      0x114 c:/ti/gcc-arm-none-eabi_10_3_2021/bin/../lib/gcc/arm-none-eabi/10.3.1/thumb/v6-m/nofp\libgcc.a(_udivsi3.o)
                0x000003b0                __aeabi_uidiv
                0x000003b0                __udivsi3
                0x000004bc                __aeabi_uidivmod
 .text          0x000004c4        0x4 c:/ti/gcc-arm-none-eabi_10_3_2021/bin/../lib/gcc/arm-none-eabi/10.3.1/thumb/v6-m/nofp\libgcc.a(_dvmd_tls.o)
                0x000004c4                __aeabi_idiv0
                0x000004c4                __aeabi_ldiv0
 .text          0x000004c8        0x0 C:/ti/gcc-arm-none-eabi_10_3_2021/arm-none-eabi/lib/thumb/v6-m/nofp\libc.a(lib_a-init.o)
                0x000004c8                . = ALIGN (0x8)
 *(.text.*)
 .text.DL_Common_updateReg
                0x000004c8       0x32 ./ti_msp_dl_config.o
 *fill*         0x000004fa        0x2 
 .text.DL_SYSCTL_setBORThreshold
                0x000004fc       0x28 ./ti_msp_dl_config.o
 .text.DL_SYSCTL_setMCLKDivider
                0x00000524       0x30 ./ti_msp_dl_config.o
 .text.DL_SYSCTL_setSYSOSCFreq
                0x00000554       0x2c ./ti_msp_dl_config.o
 .text.DL_SYSCTL_setULPCLKDivider
                0x00000580       0x30 ./ti_msp_dl_config.o
 .text.DL_SYSCTL_disableSYSPLL
                0x000005b0       0x28 ./ti_msp_dl_config.o
 .text.DL_SYSCTL_disableHFXT
                0x000005d8       0x24 ./ti_msp_dl_config.o
 .text.DL_GPIO_enablePower
                0x000005fc       0x20 ./ti_msp_dl_config.o
 .text.DL_GPIO_reset
                0x0000061c       0x20 ./ti_msp_dl_config.o
 .text.SYSCFG_DL_init
                0x0000063c       0x16 ./ti_msp_dl_config.o
                0x0000063c                SYSCFG_DL_init
 *fill*         0x00000652        0x2 
 .text.SYSCFG_DL_initPower
                0x00000654       0x38 ./ti_msp_dl_config.o
                0x00000654                SYSCFG_DL_initPower
 .text.SYSCFG_DL_GPIO_init
                0x0000068c        0xa ./ti_msp_dl_config.o
                0x0000068c                SYSCFG_DL_GPIO_init
 .text.SYSCFG_DL_SYSCTL_init
                0x00000696       0x2a ./ti_msp_dl_config.o
                0x00000696                SYSCFG_DL_SYSCTL_init
 .text.initStub
                0x000006c0        0xa ./startup_mspm0g350x_gcc.o
                0x000006c0                initStub
                0x000006c0                _init
 *fill*         0x000006ca        0x2 
 .text.Reset_Handler
                0x000006cc       0x9c ./startup_mspm0g350x_gcc.o
                0x000006cc                Reset_Handler
 .text.Default_Handler
                0x00000768        0x6 ./startup_mspm0g350x_gcc.o
                0x00000768                TIMG6_IRQHandler
                0x00000768                TIMG8_IRQHandler
                0x00000768                I2C0_IRQHandler
                0x00000768                HardFault_Handler
                0x00000768                NMI_Handler
                0x00000768                I2C1_IRQHandler
                0x00000768                UART1_IRQHandler
                0x00000768                TIMA1_IRQHandler
                0x00000768                UART0_IRQHandler
                0x00000768                ADC0_IRQHandler
                0x00000768                SPI1_IRQHandler
                0x00000768                TIMG0_IRQHandler
                0x00000768                ADC1_IRQHandler
                0x00000768                GROUP1_IRQHandler
                0x00000768                RTC_IRQHandler
                0x00000768                GROUP0_IRQHandler
                0x00000768                UART2_IRQHandler
                0x00000768                Default_Handler
                0x00000768                SVC_Handler
                0x00000768                TIMG12_IRQHandler
                0x00000768                DAC0_IRQHandler
                0x00000768                TIMG7_IRQHandler
                0x00000768                SPI0_IRQHandler
                0x00000768                AES_IRQHandler
                0x00000768                DMA_IRQHandler
                0x00000768                TIMA0_IRQHandler
                0x00000768                UART3_IRQHandler
                0x00000768                CANFD0_IRQHandler
 .text.main     0x0000076e       0x14 ./example_build.o
                0x0000076e                main
 *fill*         0x00000782        0x2 
 .text.tx_application_define
                0x00000784      0x308 ./example_build.o
                0x00000784                tx_application_define
 .text.thread_0_entry
                0x00000a8c       0x44 ./example_build.o
                0x00000a8c                thread_0_entry
 .text.thread_1_entry
                0x00000ad0       0x4c ./example_build.o
                0x00000ad0                thread_1_entry
 .text.thread_2_entry
                0x00000b1c       0x58 ./example_build.o
                0x00000b1c                thread_2_entry
 .text.thread_3_and_4_entry
                0x00000b74       0x70 ./example_build.o
                0x00000b74                thread_3_and_4_entry
 .text.thread_5_entry
                0x00000be4       0x4c ./example_build.o
                0x00000be4                thread_5_entry
 .text.thread_6_and_7_entry
                0x00000c30       0xa4 ./example_build.o
                0x00000c30                thread_6_and_7_entry
 .text._tx_block_allocate
                0x00000cd4      0x164 ./threadx/common/src/tx_block_allocate.o
                0x00000cd4                _tx_block_allocate
 .text._tx_block_pool_cleanup
                0x00000e38       0xf0 ./threadx/common/src/tx_block_pool_cleanup.o
                0x00000e38                _tx_block_pool_cleanup
 .text._tx_block_pool_create
                0x00000f28      0x16c ./threadx/common/src/tx_block_pool_create.o
                0x00000f28                _tx_block_pool_create
 .text._tx_block_release
                0x00001094       0xe0 ./threadx/common/src/tx_block_release.o
                0x00001094                _tx_block_release
 .text._tx_byte_allocate
                0x00001174      0x18c ./threadx/common/src/tx_byte_allocate.o
                0x00001174                _tx_byte_allocate
 .text._tx_byte_pool_cleanup
                0x00001300       0xf0 ./threadx/common/src/tx_byte_pool_cleanup.o
                0x00001300                _tx_byte_pool_cleanup
 .text._tx_byte_pool_create
                0x000013f0      0x150 ./threadx/common/src/tx_byte_pool_create.o
                0x000013f0                _tx_byte_pool_create
 .text._tx_byte_pool_search
                0x00001540      0x210 ./threadx/common/src/tx_byte_pool_search.o
                0x00001540                _tx_byte_pool_search
 .text._tx_event_flags_cleanup
                0x00001750      0x104 ./threadx/common/src/tx_event_flags_cleanup.o
                0x00001750                _tx_event_flags_cleanup
 .text._tx_event_flags_create
                0x00001854       0xc0 ./threadx/common/src/tx_event_flags_create.o
                0x00001854                _tx_event_flags_create
 .text._tx_event_flags_get
                0x00001914      0x1cc ./threadx/common/src/tx_event_flags_get.o
                0x00001914                _tx_event_flags_get
 .text._tx_event_flags_set
                0x00001ae0      0x42c ./threadx/common/src/tx_event_flags_set.o
                0x00001ae0                _tx_event_flags_set
 .text._tx_initialize_high_level
                0x00001f0c       0x8c ./threadx/common/src/tx_initialize_high_level.o
                0x00001f0c                _tx_initialize_high_level
 .text._tx_initialize_kernel_enter
                0x00001f98       0x5c ./threadx/common/src/tx_initialize_kernel_enter.o
                0x00001f98                _tx_initialize_kernel_enter
 .text._tx_mutex_cleanup
                0x00001ff4       0xf0 ./threadx/common/src/tx_mutex_cleanup.o
                0x00001ff4                _tx_mutex_cleanup
 .text._tx_mutex_thread_release
                0x000020e4       0x84 ./threadx/common/src/tx_mutex_cleanup.o
                0x000020e4                _tx_mutex_thread_release
 .text._tx_mutex_create
                0x00002168       0xd8 ./threadx/common/src/tx_mutex_create.o
                0x00002168                _tx_mutex_create
 .text._tx_mutex_get
                0x00002240      0x210 ./threadx/common/src/tx_mutex_get.o
                0x00002240                _tx_mutex_get
 .text._tx_mutex_prioritize
                0x00002450      0x15c ./threadx/common/src/tx_mutex_prioritize.o
                0x00002450                _tx_mutex_prioritize
 .text._tx_mutex_priority_change
                0x000025ac      0x190 ./threadx/common/src/tx_mutex_priority_change.o
                0x000025ac                _tx_mutex_priority_change
 .text._tx_mutex_put
                0x0000273c      0x3cc ./threadx/common/src/tx_mutex_put.o
                0x0000273c                _tx_mutex_put
 .text._tx_queue_cleanup
                0x00002b08      0x104 ./threadx/common/src/tx_queue_cleanup.o
                0x00002b08                _tx_queue_cleanup
 .text._tx_queue_create
                0x00002c0c      0x110 ./threadx/common/src/tx_queue_create.o
                0x00002c0c                _tx_queue_create
 .text._tx_queue_receive
                0x00002d1c      0x390 ./threadx/common/src/tx_queue_receive.o
                0x00002d1c                _tx_queue_receive
 .text._tx_queue_send
                0x000030ac      0x2a4 ./threadx/common/src/tx_queue_send.o
                0x000030ac                _tx_queue_send
 .text._tx_semaphore_cleanup
                0x00003350       0xf0 ./threadx/common/src/tx_semaphore_cleanup.o
                0x00003350                _tx_semaphore_cleanup
 .text._tx_semaphore_create
                0x00003440       0xc8 ./threadx/common/src/tx_semaphore_create.o
                0x00003440                _tx_semaphore_create
 .text._tx_semaphore_get
                0x00003508      0x124 ./threadx/common/src/tx_semaphore_get.o
                0x00003508                _tx_semaphore_get
 .text._tx_semaphore_put
                0x0000362c       0xd8 ./threadx/common/src/tx_semaphore_put.o
                0x0000362c                _tx_semaphore_put
 .text._tx_thread_create
                0x00003704      0x228 ./threadx/common/src/tx_thread_create.o
                0x00003704                _tx_thread_create
 .text._tx_thread_initialize
                0x0000392c      0x104 ./threadx/common/src/tx_thread_initialize.o
                0x0000392c                _tx_thread_initialize
 .text._tx_thread_shell_entry
                0x00003a30       0xc4 ./threadx/common/src/tx_thread_shell_entry.o
                0x00003a30                _tx_thread_shell_entry
 .text._tx_thread_sleep
                0x00003af4       0xfc ./threadx/common/src/tx_thread_sleep.o
                0x00003af4                _tx_thread_sleep
 .text._tx_thread_system_preempt_check
                0x00003bf0       0x70 ./threadx/common/src/tx_thread_system_preempt_check.o
                0x00003bf0                _tx_thread_system_preempt_check
 .text._tx_thread_system_resume
                0x00003c60      0x228 ./threadx/common/src/tx_thread_system_resume.o
                0x00003c60                _tx_thread_system_resume
 .text._tx_thread_system_suspend
                0x00003e88      0x4e4 ./threadx/common/src/tx_thread_system_suspend.o
                0x00003e88                _tx_thread_system_suspend
 .text._tx_thread_time_slice
                0x0000436c       0x9c ./threadx/common/src/tx_thread_time_slice.o
                0x0000436c                _tx_thread_time_slice
 .text._tx_thread_timeout
                0x00004408       0x78 ./threadx/common/src/tx_thread_timeout.o
                0x00004408                _tx_thread_timeout
 .text._tx_timer_expiration_process
                0x00004480       0x40 ./threadx/common/src/tx_timer_expiration_process.o
                0x00004480                _tx_timer_expiration_process
 .text._tx_timer_initialize
                0x000044c0      0x144 ./threadx/common/src/tx_timer_initialize.o
                0x000044c0                _tx_timer_initialize
 .text._tx_timer_system_activate
                0x00004604       0xbc ./threadx/common/src/tx_timer_system_activate.o
                0x00004604                _tx_timer_system_activate
 .text._tx_timer_system_deactivate
                0x000046c0       0x6a ./threadx/common/src/tx_timer_system_deactivate.o
                0x000046c0                _tx_timer_system_deactivate
 *fill*         0x0000472a        0x2 
 .text._tx_timer_thread_entry
                0x0000472c      0x1f0 ./threadx/common/src/tx_timer_thread_entry.o
                0x0000472c                _tx_timer_thread_entry
 .text._txe_block_allocate
                0x0000491c       0x98 ./threadx/common/src/txe_block_allocate.o
                0x0000491c                _txe_block_allocate
 .text._txe_block_pool_create
                0x000049b4      0x150 ./threadx/common/src/txe_block_pool_create.o
                0x000049b4                _txe_block_pool_create
 .text._txe_block_release
                0x00004b04       0x64 ./threadx/common/src/txe_block_release.o
                0x00004b04                _txe_block_release
 .text._txe_byte_allocate
                0x00004b68       0xec ./threadx/common/src/txe_byte_allocate.o
                0x00004b68                _txe_byte_allocate
 .text._txe_byte_pool_create
                0x00004c54      0x13c ./threadx/common/src/txe_byte_pool_create.o
                0x00004c54                _txe_byte_pool_create
 .text._txe_event_flags_create
                0x00004d90      0x124 ./threadx/common/src/txe_event_flags_create.o
                0x00004d90                _txe_event_flags_create
 .text._txe_event_flags_get
                0x00004eb4       0xb0 ./threadx/common/src/txe_event_flags_get.o
                0x00004eb4                _txe_event_flags_get
 .text._txe_event_flags_set
                0x00004f64       0x60 ./threadx/common/src/txe_event_flags_set.o
                0x00004f64                _txe_event_flags_set
 .text._txe_mutex_create
                0x00004fc4      0x13c ./threadx/common/src/txe_mutex_create.o
                0x00004fc4                _txe_mutex_create
 .text._txe_mutex_get
                0x00005100       0xbc ./threadx/common/src/txe_mutex_get.o
                0x00005100                _txe_mutex_get
 .text._txe_mutex_put
                0x000051bc       0x78 ./threadx/common/src/txe_mutex_put.o
                0x000051bc                _txe_mutex_put
 .text._txe_queue_create
                0x00005234      0x160 ./threadx/common/src/txe_queue_create.o
                0x00005234                _txe_queue_create
 .text._txe_queue_receive
                0x00005394       0x98 ./threadx/common/src/txe_queue_receive.o
                0x00005394                _txe_queue_receive
 .text._txe_queue_send
                0x0000542c       0x98 ./threadx/common/src/txe_queue_send.o
                0x0000542c                _txe_queue_send
 .text._txe_semaphore_create
                0x000054c4      0x12c ./threadx/common/src/txe_semaphore_create.o
                0x000054c4                _txe_semaphore_create
 .text._txe_semaphore_get
                0x000055f0       0x88 ./threadx/common/src/txe_semaphore_get.o
                0x000055f0                _txe_semaphore_get
 .text._txe_semaphore_put
                0x00005678       0x40 ./threadx/common/src/txe_semaphore_put.o
                0x00005678                _txe_semaphore_put
 .text._txe_thread_create
                0x000056b8      0x1e4 ./threadx/common/src/txe_thread_create.o
                0x000056b8                _txe_thread_create
 .text.DL_Common_delayCycles
                0x0000589c        0xc C:/ti/mspm0_sdk_2_04_00_06/source\ti/driverlib/lib/gcc/m0p/mspm0g1x0x_g3x0x/driverlib.a(dl_common.o)
                0x0000589c                DL_Common_delayCycles
 .text.__libc_init_array
                0x000058a8       0x44 C:/ti/gcc-arm-none-eabi_10_3_2021/arm-none-eabi/lib/thumb/v6-m/nofp\libc.a(lib_a-init.o)
                0x000058a8                __libc_init_array
                0x000058f0                . = ALIGN (0x8)
 *fill*         0x000058ec        0x4 
 *(.ctors)
                0x000058f0                . = ALIGN (0x8)
 *(.dtors)
                0x000058f0                . = ALIGN (0x8)
 *(.init)
                0x000058f0                . = ALIGN (0x8)
 *(.fini*)
                0x000058f0                . = ALIGN (0x8)

.glue_7         0x000058f0        0x0
 .glue_7        0x000058f0        0x0 linker stubs

.glue_7t        0x000058f0        0x0
 .glue_7t       0x000058f0        0x0 linker stubs

.vfp11_veneer   0x000058f0        0x0
 .vfp11_veneer  0x000058f0        0x0 linker stubs

.v4_bx          0x000058f0        0x0
 .v4_bx         0x000058f0        0x0 linker stubs

.iplt           0x000058f0        0x0
 .iplt          0x000058f0        0x0 ./ti_msp_dl_config.o

.ramfunc        0x20200000        0x0 load address 0x000058f0
                0x000058f0                __ramfunct_load__ = LOADADDR (.ramfunc)
                0x20200000                __ramfunct_start__ = .
 *(.ramfunc)
                0x20200000                . = ALIGN (0x8)
                0x20200000                __ramfunct_end__ = .

.rodata         0x000058f0       0xc0
 *(.rodata)
 .rodata        0x000058f0       0xa5 ./example_build.o
 *fill*         0x00005995        0x3 
 .rodata        0x00005998       0x14 ./threadx/common/src/tx_timer_initialize.o
                0x000059b0                . = ALIGN (0x8)
 *fill*         0x000059ac        0x4 
 *(.rodata.*)
                0x000059b0                . = ALIGN (0x8)

.rel.dyn        0x000059b0        0x0
 .rel.iplt      0x000059b0        0x0 ./ti_msp_dl_config.o

.preinit_array  0x000059b0        0x0
                0x000059b0                PROVIDE (__preinit_array_start = .)
 *(.preinit_array*)
                0x000059b0                PROVIDE (__preinit_array_end = .)

.init_array     0x000059b0        0x0
                0x000059b0                . = ALIGN (0x8)
                0x000059b0                PROVIDE (__init_array_start = .)
 *(SORT_BY_NAME(.init_array.*))
 *(.init_array*)
                0x000059b0                PROVIDE (__init_array_end = .)

.fini_array     0x000059b0        0x0
                0x000059b0                . = ALIGN (0x8)
                [!provide]                PROVIDE (__fini_array_start = .)
 *(SORT_BY_NAME(.fini_array.*))
 *(.fini_array*)
                [!provide]                PROVIDE (__fini_array_end = .)
                0x000059b0                . = ALIGN (0x8)

.ARM.exidx      0x000059b0        0x0
                0x000059b0                __exidx_start = .
 *(.ARM.exidx* .gnu.linkonce.armexidx.*)
                0x000059b0                __exidx_end = .

.ARM.extab      0x000059b0        0x0
                0x000059b0                . = ALIGN (0x8)
 *(.ARM.extab* .gnu.linkonce.armextab.*)
                0x000059b0                . = ALIGN (0x8)
                0x000059b0                __etext = .

.data           0x20200000       0x58 load address 0x000059b0
                0x000059b0                __data_load__ = LOADADDR (.data)
                0x20200000                __data_start__ = .
 *(.data)
 .data          0x20200000        0x0 ./ti_msp_dl_config.o
 .data          0x20200000        0x0 ./startup_mspm0g350x_gcc.o
 .data          0x20200000        0x0 ./example_build.o
 .data          0x20200000        0x0 ./threadx/common/src/tx_block_allocate.o
 .data          0x20200000        0x0 ./threadx/common/src/tx_block_pool_cleanup.o
 .data          0x20200000        0x0 ./threadx/common/src/tx_block_pool_create.o
 .data          0x20200000        0x0 ./threadx/common/src/tx_block_pool_delete.o
 .data          0x20200000        0x0 ./threadx/common/src/tx_block_pool_info_get.o
 .data          0x20200000        0x0 ./threadx/common/src/tx_block_pool_initialize.o
 .data          0x20200000        0x0 ./threadx/common/src/tx_block_pool_performance_info_get.o
 .data          0x20200000        0x0 ./threadx/common/src/tx_block_pool_performance_system_info_get.o
 .data          0x20200000        0x0 ./threadx/common/src/tx_block_pool_prioritize.o
 .data          0x20200000        0x0 ./threadx/common/src/tx_block_release.o
 .data          0x20200000        0x0 ./threadx/common/src/tx_byte_allocate.o
 .data          0x20200000        0x0 ./threadx/common/src/tx_byte_pool_cleanup.o
 .data          0x20200000        0x0 ./threadx/common/src/tx_byte_pool_create.o
 .data          0x20200000        0x0 ./threadx/common/src/tx_byte_pool_delete.o
 .data          0x20200000        0x0 ./threadx/common/src/tx_byte_pool_info_get.o
 .data          0x20200000        0x0 ./threadx/common/src/tx_byte_pool_initialize.o
 .data          0x20200000        0x0 ./threadx/common/src/tx_byte_pool_performance_info_get.o
 .data          0x20200000        0x0 ./threadx/common/src/tx_byte_pool_performance_system_info_get.o
 .data          0x20200000        0x0 ./threadx/common/src/tx_byte_pool_prioritize.o
 .data          0x20200000        0x0 ./threadx/common/src/tx_byte_pool_search.o
 .data          0x20200000        0x0 ./threadx/common/src/tx_byte_release.o
 .data          0x20200000        0x0 ./threadx/common/src/tx_event_flags_cleanup.o
 .data          0x20200000        0x0 ./threadx/common/src/tx_event_flags_create.o
 .data          0x20200000        0x0 ./threadx/common/src/tx_event_flags_delete.o
 .data          0x20200000        0x0 ./threadx/common/src/tx_event_flags_get.o
 .data          0x20200000        0x0 ./threadx/common/src/tx_event_flags_info_get.o
 .data          0x20200000        0x0 ./threadx/common/src/tx_event_flags_initialize.o
 .data          0x20200000        0x0 ./threadx/common/src/tx_event_flags_performance_info_get.o
 .data          0x20200000        0x0 ./threadx/common/src/tx_event_flags_performance_system_info_get.o
 .data          0x20200000        0x0 ./threadx/common/src/tx_event_flags_set.o
 .data          0x20200000        0x0 ./threadx/common/src/tx_event_flags_set_notify.o
 .data          0x20200000        0x0 ./threadx/common/src/tx_initialize_high_level.o
 .data          0x20200000        0x0 ./threadx/common/src/tx_initialize_kernel_enter.o
 .data          0x20200000        0x0 ./threadx/common/src/tx_initialize_kernel_setup.o
 .data          0x20200000        0x0 ./threadx/common/src/tx_misra.o
 .data          0x20200000        0x0 ./threadx/common/src/tx_mutex_cleanup.o
 .data          0x20200000        0x0 ./threadx/common/src/tx_mutex_create.o
 .data          0x20200000        0x0 ./threadx/common/src/tx_mutex_delete.o
 .data          0x20200000        0x0 ./threadx/common/src/tx_mutex_get.o
 .data          0x20200000        0x0 ./threadx/common/src/tx_mutex_info_get.o
 .data          0x20200000        0x0 ./threadx/common/src/tx_mutex_initialize.o
 .data          0x20200000        0x0 ./threadx/common/src/tx_mutex_performance_info_get.o
 .data          0x20200000        0x0 ./threadx/common/src/tx_mutex_performance_system_info_get.o
 .data          0x20200000        0x0 ./threadx/common/src/tx_mutex_prioritize.o
 .data          0x20200000        0x0 ./threadx/common/src/tx_mutex_priority_change.o
 .data          0x20200000        0x0 ./threadx/common/src/tx_mutex_put.o
 .data          0x20200000        0x0 ./threadx/common/src/tx_queue_cleanup.o
 .data          0x20200000        0x0 ./threadx/common/src/tx_queue_create.o
 .data          0x20200000        0x0 ./threadx/common/src/tx_queue_delete.o
 .data          0x20200000        0x0 ./threadx/common/src/tx_queue_flush.o
 .data          0x20200000        0x0 ./threadx/common/src/tx_queue_front_send.o
 .data          0x20200000        0x0 ./threadx/common/src/tx_queue_info_get.o
 .data          0x20200000        0x0 ./threadx/common/src/tx_queue_initialize.o
 .data          0x20200000        0x0 ./threadx/common/src/tx_queue_performance_info_get.o
 .data          0x20200000        0x0 ./threadx/common/src/tx_queue_performance_system_info_get.o
 .data          0x20200000        0x0 ./threadx/common/src/tx_queue_prioritize.o
 .data          0x20200000        0x0 ./threadx/common/src/tx_queue_receive.o
 .data          0x20200000        0x0 ./threadx/common/src/tx_queue_send.o
 .data          0x20200000        0x0 ./threadx/common/src/tx_queue_send_notify.o
 .data          0x20200000        0x0 ./threadx/common/src/tx_semaphore_ceiling_put.o
 .data          0x20200000        0x0 ./threadx/common/src/tx_semaphore_cleanup.o
 .data          0x20200000        0x0 ./threadx/common/src/tx_semaphore_create.o
 .data          0x20200000        0x0 ./threadx/common/src/tx_semaphore_delete.o
 .data          0x20200000        0x0 ./threadx/common/src/tx_semaphore_get.o
 .data          0x20200000        0x0 ./threadx/common/src/tx_semaphore_info_get.o
 .data          0x20200000        0x0 ./threadx/common/src/tx_semaphore_initialize.o
 .data          0x20200000        0x0 ./threadx/common/src/tx_semaphore_performance_info_get.o
 .data          0x20200000        0x0 ./threadx/common/src/tx_semaphore_performance_system_info_get.o
 .data          0x20200000        0x0 ./threadx/common/src/tx_semaphore_prioritize.o
 .data          0x20200000        0x0 ./threadx/common/src/tx_semaphore_put.o
 .data          0x20200000        0x0 ./threadx/common/src/tx_semaphore_put_notify.o
 .data          0x20200000        0x0 ./threadx/common/src/tx_thread_create.o
 .data          0x20200000        0x0 ./threadx/common/src/tx_thread_delete.o
 .data          0x20200000        0x0 ./threadx/common/src/tx_thread_entry_exit_notify.o
 .data          0x20200000        0x0 ./threadx/common/src/tx_thread_identify.o
 .data          0x20200000        0x0 ./threadx/common/src/tx_thread_info_get.o
 .data          0x20200000        0x0 ./threadx/common/src/tx_thread_initialize.o
 .data          0x20200000        0x0 ./threadx/common/src/tx_thread_performance_info_get.o
 .data          0x20200000        0x0 ./threadx/common/src/tx_thread_performance_system_info_get.o
 .data          0x20200000        0x0 ./threadx/common/src/tx_thread_preemption_change.o
 .data          0x20200000        0x0 ./threadx/common/src/tx_thread_priority_change.o
 .data          0x20200000        0x0 ./threadx/common/src/tx_thread_relinquish.o
 .data          0x20200000        0x0 ./threadx/common/src/tx_thread_reset.o
 .data          0x20200000        0x0 ./threadx/common/src/tx_thread_resume.o
 .data          0x20200000        0x0 ./threadx/common/src/tx_thread_shell_entry.o
 .data          0x20200000        0x0 ./threadx/common/src/tx_thread_sleep.o
 .data          0x20200000        0x0 ./threadx/common/src/tx_thread_stack_analyze.o
 .data          0x20200000        0x0 ./threadx/common/src/tx_thread_stack_error_handler.o
 .data          0x20200000        0x0 ./threadx/common/src/tx_thread_stack_error_notify.o
 .data          0x20200000        0x0 ./threadx/common/src/tx_thread_suspend.o
 .data          0x20200000        0x0 ./threadx/common/src/tx_thread_system_preempt_check.o
 .data          0x20200000        0x0 ./threadx/common/src/tx_thread_system_resume.o
 .data          0x20200000        0x0 ./threadx/common/src/tx_thread_system_suspend.o
 .data          0x20200000        0x0 ./threadx/common/src/tx_thread_terminate.o
 .data          0x20200000        0x0 ./threadx/common/src/tx_thread_time_slice.o
 .data          0x20200000        0x0 ./threadx/common/src/tx_thread_time_slice_change.o
 .data          0x20200000        0x0 ./threadx/common/src/tx_thread_timeout.o
 .data          0x20200000        0x0 ./threadx/common/src/tx_thread_wait_abort.o
 .data          0x20200000        0x0 ./threadx/common/src/tx_time_get.o
 .data          0x20200000        0x0 ./threadx/common/src/tx_time_set.o
 .data          0x20200000        0x0 ./threadx/common/src/tx_timer_activate.o
 .data          0x20200000        0x0 ./threadx/common/src/tx_timer_change.o
 .data          0x20200000        0x0 ./threadx/common/src/tx_timer_create.o
 .data          0x20200000        0x0 ./threadx/common/src/tx_timer_deactivate.o
 .data          0x20200000        0x0 ./threadx/common/src/tx_timer_delete.o
 .data          0x20200000        0x0 ./threadx/common/src/tx_timer_expiration_process.o
 .data          0x20200000        0x0 ./threadx/common/src/tx_timer_info_get.o
 .data          0x20200000        0x0 ./threadx/common/src/tx_timer_initialize.o
 .data          0x20200000        0x0 ./threadx/common/src/tx_timer_performance_info_get.o
 .data          0x20200000        0x0 ./threadx/common/src/tx_timer_performance_system_info_get.o
 .data          0x20200000        0x0 ./threadx/common/src/tx_timer_system_activate.o
 .data          0x20200000        0x0 ./threadx/common/src/tx_timer_system_deactivate.o
 .data          0x20200000        0x0 ./threadx/common/src/tx_timer_thread_entry.o
 .data          0x20200000        0x0 ./threadx/common/src/tx_trace_buffer_full_notify.o
 .data          0x20200000        0x0 ./threadx/common/src/tx_trace_disable.o
 .data          0x20200000        0x0 ./threadx/common/src/tx_trace_enable.o
 .data          0x20200000        0x0 ./threadx/common/src/tx_trace_event_filter.o
 .data          0x20200000        0x0 ./threadx/common/src/tx_trace_event_unfilter.o
 .data          0x20200000        0x0 ./threadx/common/src/tx_trace_initialize.o
 .data          0x20200000        0x0 ./threadx/common/src/tx_trace_interrupt_control.o
 .data          0x20200000        0x0 ./threadx/common/src/tx_trace_isr_enter_insert.o
 .data          0x20200000        0x0 ./threadx/common/src/tx_trace_isr_exit_insert.o
 .data          0x20200000        0x0 ./threadx/common/src/tx_trace_object_register.o
 .data          0x20200000        0x0 ./threadx/common/src/tx_trace_object_unregister.o
 .data          0x20200000        0x0 ./threadx/common/src/tx_trace_user_event_insert.o
 .data          0x20200000        0x0 ./threadx/common/src/txe_block_allocate.o
 .data          0x20200000        0x0 ./threadx/common/src/txe_block_pool_create.o
 .data          0x20200000        0x0 ./threadx/common/src/txe_block_pool_delete.o
 .data          0x20200000        0x0 ./threadx/common/src/txe_block_pool_info_get.o
 .data          0x20200000        0x0 ./threadx/common/src/txe_block_pool_prioritize.o
 .data          0x20200000        0x0 ./threadx/common/src/txe_block_release.o
 .data          0x20200000        0x0 ./threadx/common/src/txe_byte_allocate.o
 .data          0x20200000        0x0 ./threadx/common/src/txe_byte_pool_create.o
 .data          0x20200000        0x0 ./threadx/common/src/txe_byte_pool_delete.o
 .data          0x20200000        0x0 ./threadx/common/src/txe_byte_pool_info_get.o
 .data          0x20200000        0x0 ./threadx/common/src/txe_byte_pool_prioritize.o
 .data          0x20200000        0x0 ./threadx/common/src/txe_byte_release.o
 .data          0x20200000        0x0 ./threadx/common/src/txe_event_flags_create.o
 .data          0x20200000        0x0 ./threadx/common/src/txe_event_flags_delete.o
 .data          0x20200000        0x0 ./threadx/common/src/txe_event_flags_get.o
 .data          0x20200000        0x0 ./threadx/common/src/txe_event_flags_info_get.o
 .data          0x20200000        0x0 ./threadx/common/src/txe_event_flags_set.o
 .data          0x20200000        0x0 ./threadx/common/src/txe_event_flags_set_notify.o
 .data          0x20200000        0x0 ./threadx/common/src/txe_mutex_create.o
 .data          0x20200000        0x0 ./threadx/common/src/txe_mutex_delete.o
 .data          0x20200000        0x0 ./threadx/common/src/txe_mutex_get.o
 .data          0x20200000        0x0 ./threadx/common/src/txe_mutex_info_get.o
 .data          0x20200000        0x0 ./threadx/common/src/txe_mutex_prioritize.o
 .data          0x20200000        0x0 ./threadx/common/src/txe_mutex_put.o
 .data          0x20200000        0x0 ./threadx/common/src/txe_queue_create.o
 .data          0x20200000        0x0 ./threadx/common/src/txe_queue_delete.o
 .data          0x20200000        0x0 ./threadx/common/src/txe_queue_flush.o
 .data          0x20200000        0x0 ./threadx/common/src/txe_queue_front_send.o
 .data          0x20200000        0x0 ./threadx/common/src/txe_queue_info_get.o
 .data          0x20200000        0x0 ./threadx/common/src/txe_queue_prioritize.o
 .data          0x20200000        0x0 ./threadx/common/src/txe_queue_receive.o
 .data          0x20200000        0x0 ./threadx/common/src/txe_queue_send.o
 .data          0x20200000        0x0 ./threadx/common/src/txe_queue_send_notify.o
 .data          0x20200000        0x0 ./threadx/common/src/txe_semaphore_ceiling_put.o
 .data          0x20200000        0x0 ./threadx/common/src/txe_semaphore_create.o
 .data          0x20200000        0x0 ./threadx/common/src/txe_semaphore_delete.o
 .data          0x20200000        0x0 ./threadx/common/src/txe_semaphore_get.o
 .data          0x20200000        0x0 ./threadx/common/src/txe_semaphore_info_get.o
 .data          0x20200000        0x0 ./threadx/common/src/txe_semaphore_prioritize.o
 .data          0x20200000        0x0 ./threadx/common/src/txe_semaphore_put.o
 .data          0x20200000        0x0 ./threadx/common/src/txe_semaphore_put_notify.o
 .data          0x20200000        0x0 ./threadx/common/src/txe_thread_create.o
 .data          0x20200000        0x0 ./threadx/common/src/txe_thread_delete.o
 .data          0x20200000        0x0 ./threadx/common/src/txe_thread_entry_exit_notify.o
 .data          0x20200000        0x0 ./threadx/common/src/txe_thread_info_get.o
 .data          0x20200000        0x0 ./threadx/common/src/txe_thread_preemption_change.o
 .data          0x20200000        0x0 ./threadx/common/src/txe_thread_priority_change.o
 .data          0x20200000        0x0 ./threadx/common/src/txe_thread_relinquish.o
 .data          0x20200000        0x0 ./threadx/common/src/txe_thread_reset.o
 .data          0x20200000        0x0 ./threadx/common/src/txe_thread_resume.o
 .data          0x20200000        0x0 ./threadx/common/src/txe_thread_suspend.o
 .data          0x20200000        0x0 ./threadx/common/src/txe_thread_terminate.o
 .data          0x20200000        0x0 ./threadx/common/src/txe_thread_time_slice_change.o
 .data          0x20200000        0x0 ./threadx/common/src/txe_thread_wait_abort.o
 .data          0x20200000        0x0 ./threadx/common/src/txe_timer_activate.o
 .data          0x20200000        0x0 ./threadx/common/src/txe_timer_change.o
 .data          0x20200000        0x0 ./threadx/common/src/txe_timer_create.o
 .data          0x20200000        0x0 ./threadx/common/src/txe_timer_deactivate.o
 .data          0x20200000        0x0 ./threadx/common/src/txe_timer_delete.o
 .data          0x20200000        0x0 ./threadx/common/src/txe_timer_info_get.o
 .data          0x20200000        0x0 ./threadx/ports/cortex_m0/gnu/tx_initialize_low_level.o
 .data          0x20200000        0x0 ./threadx/ports/cortex_m0/gnu/tx_thread_context_restore.o
 .data          0x20200000        0x0 ./threadx/ports/cortex_m0/gnu/tx_thread_context_save.o
 .data          0x20200000        0x0 ./threadx/ports/cortex_m0/gnu/tx_thread_interrupt_control.o
 .data          0x20200000        0x0 ./threadx/ports/cortex_m0/gnu/tx_thread_interrupt_disable.o
 .data          0x20200000        0x0 ./threadx/ports/cortex_m0/gnu/tx_thread_interrupt_restore.o
 .data          0x20200000        0x0 ./threadx/ports/cortex_m0/gnu/tx_thread_schedule.o
 .data          0x20200000        0x0 ./threadx/ports/cortex_m0/gnu/tx_thread_stack_build.o
 .data          0x20200000        0x0 ./threadx/ports/cortex_m0/gnu/tx_thread_system_return.o
 .data          0x20200000        0x0 ./threadx/ports/cortex_m0/gnu/tx_timer_interrupt.o
 .data          0x20200000        0x0 C:/ti/mspm0_sdk_2_04_00_06/source\ti/driverlib/lib/gcc/m0p/mspm0g1x0x_g3x0x/driverlib.a(dl_common.o)
 .data          0x20200000        0x0 c:/ti/gcc-arm-none-eabi_10_3_2021/bin/../lib/gcc/arm-none-eabi/10.3.1/thumb/v6-m/nofp\libgcc.a(_udivsi3.o)
 .data          0x20200000        0x0 c:/ti/gcc-arm-none-eabi_10_3_2021/bin/../lib/gcc/arm-none-eabi/10.3.1/thumb/v6-m/nofp\libgcc.a(_dvmd_tls.o)
 .data          0x20200000        0x0 C:/ti/gcc-arm-none-eabi_10_3_2021/arm-none-eabi/lib/thumb/v6-m/nofp\libc.a(lib_a-init.o)
 *(.data*)
 .data._tx_version_id
                0x20200000       0x54 ./threadx/common/src/tx_thread_initialize.o
                0x20200000                _tx_version_id
 .data._tx_thread_system_state
                0x20200054        0x4 ./threadx/common/src/tx_thread_initialize.o
                0x20200054                _tx_thread_system_state
                0x20200058                . = ALIGN (0x8)
                0x20200058                __data_end__ = .

.igot.plt       0x20200058        0x0 load address 0x00005a08
 .igot.plt      0x20200058        0x0 ./ti_msp_dl_config.o

.bss            0x20200058     0x3c10
                0x20200058                __bss_start__ = .
 *(.shbss)
 *(.bss)
 .bss           0x20200058        0x0 ./ti_msp_dl_config.o
 .bss           0x20200058        0x0 ./startup_mspm0g350x_gcc.o
 .bss           0x20200058        0x0 ./example_build.o
 .bss           0x20200058        0x0 ./threadx/common/src/tx_block_allocate.o
 .bss           0x20200058        0x0 ./threadx/common/src/tx_block_pool_cleanup.o
 .bss           0x20200058        0x0 ./threadx/common/src/tx_block_pool_create.o
 .bss           0x20200058        0x0 ./threadx/common/src/tx_block_pool_delete.o
 .bss           0x20200058        0x0 ./threadx/common/src/tx_block_pool_info_get.o
 .bss           0x20200058        0x0 ./threadx/common/src/tx_block_pool_initialize.o
 .bss           0x20200058        0x0 ./threadx/common/src/tx_block_pool_performance_info_get.o
 .bss           0x20200058        0x0 ./threadx/common/src/tx_block_pool_performance_system_info_get.o
 .bss           0x20200058        0x0 ./threadx/common/src/tx_block_pool_prioritize.o
 .bss           0x20200058        0x0 ./threadx/common/src/tx_block_release.o
 .bss           0x20200058        0x0 ./threadx/common/src/tx_byte_allocate.o
 .bss           0x20200058        0x0 ./threadx/common/src/tx_byte_pool_cleanup.o
 .bss           0x20200058        0x0 ./threadx/common/src/tx_byte_pool_create.o
 .bss           0x20200058        0x0 ./threadx/common/src/tx_byte_pool_delete.o
 .bss           0x20200058        0x0 ./threadx/common/src/tx_byte_pool_info_get.o
 .bss           0x20200058        0x0 ./threadx/common/src/tx_byte_pool_initialize.o
 .bss           0x20200058        0x0 ./threadx/common/src/tx_byte_pool_performance_info_get.o
 .bss           0x20200058        0x0 ./threadx/common/src/tx_byte_pool_performance_system_info_get.o
 .bss           0x20200058        0x0 ./threadx/common/src/tx_byte_pool_prioritize.o
 .bss           0x20200058        0x0 ./threadx/common/src/tx_byte_pool_search.o
 .bss           0x20200058        0x0 ./threadx/common/src/tx_byte_release.o
 .bss           0x20200058        0x0 ./threadx/common/src/tx_event_flags_cleanup.o
 .bss           0x20200058        0x0 ./threadx/common/src/tx_event_flags_create.o
 .bss           0x20200058        0x0 ./threadx/common/src/tx_event_flags_delete.o
 .bss           0x20200058        0x0 ./threadx/common/src/tx_event_flags_get.o
 .bss           0x20200058        0x0 ./threadx/common/src/tx_event_flags_info_get.o
 .bss           0x20200058        0x0 ./threadx/common/src/tx_event_flags_initialize.o
 .bss           0x20200058        0x0 ./threadx/common/src/tx_event_flags_performance_info_get.o
 .bss           0x20200058        0x0 ./threadx/common/src/tx_event_flags_performance_system_info_get.o
 .bss           0x20200058        0x0 ./threadx/common/src/tx_event_flags_set.o
 .bss           0x20200058        0x0 ./threadx/common/src/tx_event_flags_set_notify.o
 .bss           0x20200058        0x0 ./threadx/common/src/tx_initialize_high_level.o
 .bss           0x20200058        0x0 ./threadx/common/src/tx_initialize_kernel_enter.o
 .bss           0x20200058        0x0 ./threadx/common/src/tx_initialize_kernel_setup.o
 .bss           0x20200058        0x0 ./threadx/common/src/tx_misra.o
 .bss           0x20200058        0x0 ./threadx/common/src/tx_mutex_cleanup.o
 .bss           0x20200058        0x0 ./threadx/common/src/tx_mutex_create.o
 .bss           0x20200058        0x0 ./threadx/common/src/tx_mutex_delete.o
 .bss           0x20200058        0x0 ./threadx/common/src/tx_mutex_get.o
 .bss           0x20200058        0x0 ./threadx/common/src/tx_mutex_info_get.o
 .bss           0x20200058        0x0 ./threadx/common/src/tx_mutex_initialize.o
 .bss           0x20200058        0x0 ./threadx/common/src/tx_mutex_performance_info_get.o
 .bss           0x20200058        0x0 ./threadx/common/src/tx_mutex_performance_system_info_get.o
 .bss           0x20200058        0x0 ./threadx/common/src/tx_mutex_prioritize.o
 .bss           0x20200058        0x0 ./threadx/common/src/tx_mutex_priority_change.o
 .bss           0x20200058        0x0 ./threadx/common/src/tx_mutex_put.o
 .bss           0x20200058        0x0 ./threadx/common/src/tx_queue_cleanup.o
 .bss           0x20200058        0x0 ./threadx/common/src/tx_queue_create.o
 .bss           0x20200058        0x0 ./threadx/common/src/tx_queue_delete.o
 .bss           0x20200058        0x0 ./threadx/common/src/tx_queue_flush.o
 .bss           0x20200058        0x0 ./threadx/common/src/tx_queue_front_send.o
 .bss           0x20200058        0x0 ./threadx/common/src/tx_queue_info_get.o
 .bss           0x20200058        0x0 ./threadx/common/src/tx_queue_initialize.o
 .bss           0x20200058        0x0 ./threadx/common/src/tx_queue_performance_info_get.o
 .bss           0x20200058        0x0 ./threadx/common/src/tx_queue_performance_system_info_get.o
 .bss           0x20200058        0x0 ./threadx/common/src/tx_queue_prioritize.o
 .bss           0x20200058        0x0 ./threadx/common/src/tx_queue_receive.o
 .bss           0x20200058        0x0 ./threadx/common/src/tx_queue_send.o
 .bss           0x20200058        0x0 ./threadx/common/src/tx_queue_send_notify.o
 .bss           0x20200058        0x0 ./threadx/common/src/tx_semaphore_ceiling_put.o
 .bss           0x20200058        0x0 ./threadx/common/src/tx_semaphore_cleanup.o
 .bss           0x20200058        0x0 ./threadx/common/src/tx_semaphore_create.o
 .bss           0x20200058        0x0 ./threadx/common/src/tx_semaphore_delete.o
 .bss           0x20200058        0x0 ./threadx/common/src/tx_semaphore_get.o
 .bss           0x20200058        0x0 ./threadx/common/src/tx_semaphore_info_get.o
 .bss           0x20200058        0x0 ./threadx/common/src/tx_semaphore_initialize.o
 .bss           0x20200058        0x0 ./threadx/common/src/tx_semaphore_performance_info_get.o
 .bss           0x20200058        0x0 ./threadx/common/src/tx_semaphore_performance_system_info_get.o
 .bss           0x20200058        0x0 ./threadx/common/src/tx_semaphore_prioritize.o
 .bss           0x20200058        0x0 ./threadx/common/src/tx_semaphore_put.o
 .bss           0x20200058        0x0 ./threadx/common/src/tx_semaphore_put_notify.o
 .bss           0x20200058        0x0 ./threadx/common/src/tx_thread_create.o
 .bss           0x20200058        0x0 ./threadx/common/src/tx_thread_delete.o
 .bss           0x20200058        0x0 ./threadx/common/src/tx_thread_entry_exit_notify.o
 .bss           0x20200058        0x0 ./threadx/common/src/tx_thread_identify.o
 .bss           0x20200058        0x0 ./threadx/common/src/tx_thread_info_get.o
 .bss           0x20200058        0x0 ./threadx/common/src/tx_thread_initialize.o
 .bss           0x20200058        0x0 ./threadx/common/src/tx_thread_performance_info_get.o
 .bss           0x20200058        0x0 ./threadx/common/src/tx_thread_performance_system_info_get.o
 .bss           0x20200058        0x0 ./threadx/common/src/tx_thread_preemption_change.o
 .bss           0x20200058        0x0 ./threadx/common/src/tx_thread_priority_change.o
 .bss           0x20200058        0x0 ./threadx/common/src/tx_thread_relinquish.o
 .bss           0x20200058        0x0 ./threadx/common/src/tx_thread_reset.o
 .bss           0x20200058        0x0 ./threadx/common/src/tx_thread_resume.o
 .bss           0x20200058        0x0 ./threadx/common/src/tx_thread_shell_entry.o
 .bss           0x20200058        0x0 ./threadx/common/src/tx_thread_sleep.o
 .bss           0x20200058        0x0 ./threadx/common/src/tx_thread_stack_analyze.o
 .bss           0x20200058        0x0 ./threadx/common/src/tx_thread_stack_error_handler.o
 .bss           0x20200058        0x0 ./threadx/common/src/tx_thread_stack_error_notify.o
 .bss           0x20200058        0x0 ./threadx/common/src/tx_thread_suspend.o
 .bss           0x20200058        0x0 ./threadx/common/src/tx_thread_system_preempt_check.o
 .bss           0x20200058        0x0 ./threadx/common/src/tx_thread_system_resume.o
 .bss           0x20200058        0x0 ./threadx/common/src/tx_thread_system_suspend.o
 .bss           0x20200058        0x0 ./threadx/common/src/tx_thread_terminate.o
 .bss           0x20200058        0x0 ./threadx/common/src/tx_thread_time_slice.o
 .bss           0x20200058        0x0 ./threadx/common/src/tx_thread_time_slice_change.o
 .bss           0x20200058        0x0 ./threadx/common/src/tx_thread_timeout.o
 .bss           0x20200058        0x0 ./threadx/common/src/tx_thread_wait_abort.o
 .bss           0x20200058        0x0 ./threadx/common/src/tx_time_get.o
 .bss           0x20200058        0x0 ./threadx/common/src/tx_time_set.o
 .bss           0x20200058        0x0 ./threadx/common/src/tx_timer_activate.o
 .bss           0x20200058        0x0 ./threadx/common/src/tx_timer_change.o
 .bss           0x20200058        0x0 ./threadx/common/src/tx_timer_create.o
 .bss           0x20200058        0x0 ./threadx/common/src/tx_timer_deactivate.o
 .bss           0x20200058        0x0 ./threadx/common/src/tx_timer_delete.o
 .bss           0x20200058        0x0 ./threadx/common/src/tx_timer_expiration_process.o
 .bss           0x20200058        0x0 ./threadx/common/src/tx_timer_info_get.o
 .bss           0x20200058        0x0 ./threadx/common/src/tx_timer_initialize.o
 .bss           0x20200058        0x0 ./threadx/common/src/tx_timer_performance_info_get.o
 .bss           0x20200058        0x0 ./threadx/common/src/tx_timer_performance_system_info_get.o
 .bss           0x20200058        0x0 ./threadx/common/src/tx_timer_system_activate.o
 .bss           0x20200058        0x0 ./threadx/common/src/tx_timer_system_deactivate.o
 .bss           0x20200058        0x0 ./threadx/common/src/tx_timer_thread_entry.o
 .bss           0x20200058        0x0 ./threadx/common/src/tx_trace_buffer_full_notify.o
 .bss           0x20200058        0x0 ./threadx/common/src/tx_trace_disable.o
 .bss           0x20200058        0x0 ./threadx/common/src/tx_trace_enable.o
 .bss           0x20200058        0x0 ./threadx/common/src/tx_trace_event_filter.o
 .bss           0x20200058        0x0 ./threadx/common/src/tx_trace_event_unfilter.o
 .bss           0x20200058        0x0 ./threadx/common/src/tx_trace_initialize.o
 .bss           0x20200058        0x0 ./threadx/common/src/tx_trace_interrupt_control.o
 .bss           0x20200058        0x0 ./threadx/common/src/tx_trace_isr_enter_insert.o
 .bss           0x20200058        0x0 ./threadx/common/src/tx_trace_isr_exit_insert.o
 .bss           0x20200058        0x0 ./threadx/common/src/tx_trace_object_register.o
 .bss           0x20200058        0x0 ./threadx/common/src/tx_trace_object_unregister.o
 .bss           0x20200058        0x0 ./threadx/common/src/tx_trace_user_event_insert.o
 .bss           0x20200058        0x0 ./threadx/common/src/txe_block_allocate.o
 .bss           0x20200058        0x0 ./threadx/common/src/txe_block_pool_create.o
 .bss           0x20200058        0x0 ./threadx/common/src/txe_block_pool_delete.o
 .bss           0x20200058        0x0 ./threadx/common/src/txe_block_pool_info_get.o
 .bss           0x20200058        0x0 ./threadx/common/src/txe_block_pool_prioritize.o
 .bss           0x20200058        0x0 ./threadx/common/src/txe_block_release.o
 .bss           0x20200058        0x0 ./threadx/common/src/txe_byte_allocate.o
 .bss           0x20200058        0x0 ./threadx/common/src/txe_byte_pool_create.o
 .bss           0x20200058        0x0 ./threadx/common/src/txe_byte_pool_delete.o
 .bss           0x20200058        0x0 ./threadx/common/src/txe_byte_pool_info_get.o
 .bss           0x20200058        0x0 ./threadx/common/src/txe_byte_pool_prioritize.o
 .bss           0x20200058        0x0 ./threadx/common/src/txe_byte_release.o
 .bss           0x20200058        0x0 ./threadx/common/src/txe_event_flags_create.o
 .bss           0x20200058        0x0 ./threadx/common/src/txe_event_flags_delete.o
 .bss           0x20200058        0x0 ./threadx/common/src/txe_event_flags_get.o
 .bss           0x20200058        0x0 ./threadx/common/src/txe_event_flags_info_get.o
 .bss           0x20200058        0x0 ./threadx/common/src/txe_event_flags_set.o
 .bss           0x20200058        0x0 ./threadx/common/src/txe_event_flags_set_notify.o
 .bss           0x20200058        0x0 ./threadx/common/src/txe_mutex_create.o
 .bss           0x20200058        0x0 ./threadx/common/src/txe_mutex_delete.o
 .bss           0x20200058        0x0 ./threadx/common/src/txe_mutex_get.o
 .bss           0x20200058        0x0 ./threadx/common/src/txe_mutex_info_get.o
 .bss           0x20200058        0x0 ./threadx/common/src/txe_mutex_prioritize.o
 .bss           0x20200058        0x0 ./threadx/common/src/txe_mutex_put.o
 .bss           0x20200058        0x0 ./threadx/common/src/txe_queue_create.o
 .bss           0x20200058        0x0 ./threadx/common/src/txe_queue_delete.o
 .bss           0x20200058        0x0 ./threadx/common/src/txe_queue_flush.o
 .bss           0x20200058        0x0 ./threadx/common/src/txe_queue_front_send.o
 .bss           0x20200058        0x0 ./threadx/common/src/txe_queue_info_get.o
 .bss           0x20200058        0x0 ./threadx/common/src/txe_queue_prioritize.o
 .bss           0x20200058        0x0 ./threadx/common/src/txe_queue_receive.o
 .bss           0x20200058        0x0 ./threadx/common/src/txe_queue_send.o
 .bss           0x20200058        0x0 ./threadx/common/src/txe_queue_send_notify.o
 .bss           0x20200058        0x0 ./threadx/common/src/txe_semaphore_ceiling_put.o
 .bss           0x20200058        0x0 ./threadx/common/src/txe_semaphore_create.o
 .bss           0x20200058        0x0 ./threadx/common/src/txe_semaphore_delete.o
 .bss           0x20200058        0x0 ./threadx/common/src/txe_semaphore_get.o
 .bss           0x20200058        0x0 ./threadx/common/src/txe_semaphore_info_get.o
 .bss           0x20200058        0x0 ./threadx/common/src/txe_semaphore_prioritize.o
 .bss           0x20200058        0x0 ./threadx/common/src/txe_semaphore_put.o
 .bss           0x20200058        0x0 ./threadx/common/src/txe_semaphore_put_notify.o
 .bss           0x20200058        0x0 ./threadx/common/src/txe_thread_create.o
 .bss           0x20200058        0x0 ./threadx/common/src/txe_thread_delete.o
 .bss           0x20200058        0x0 ./threadx/common/src/txe_thread_entry_exit_notify.o
 .bss           0x20200058        0x0 ./threadx/common/src/txe_thread_info_get.o
 .bss           0x20200058        0x0 ./threadx/common/src/txe_thread_preemption_change.o
 .bss           0x20200058        0x0 ./threadx/common/src/txe_thread_priority_change.o
 .bss           0x20200058        0x0 ./threadx/common/src/txe_thread_relinquish.o
 .bss           0x20200058        0x0 ./threadx/common/src/txe_thread_reset.o
 .bss           0x20200058        0x0 ./threadx/common/src/txe_thread_resume.o
 .bss           0x20200058        0x0 ./threadx/common/src/txe_thread_suspend.o
 .bss           0x20200058        0x0 ./threadx/common/src/txe_thread_terminate.o
 .bss           0x20200058        0x0 ./threadx/common/src/txe_thread_time_slice_change.o
 .bss           0x20200058        0x0 ./threadx/common/src/txe_thread_wait_abort.o
 .bss           0x20200058        0x0 ./threadx/common/src/txe_timer_activate.o
 .bss           0x20200058        0x0 ./threadx/common/src/txe_timer_change.o
 .bss           0x20200058        0x0 ./threadx/common/src/txe_timer_create.o
 .bss           0x20200058        0x0 ./threadx/common/src/txe_timer_deactivate.o
 .bss           0x20200058        0x0 ./threadx/common/src/txe_timer_delete.o
 .bss           0x20200058        0x0 ./threadx/common/src/txe_timer_info_get.o
 .bss           0x20200058        0x0 ./threadx/ports/cortex_m0/gnu/tx_initialize_low_level.o
 .bss           0x20200058        0x0 ./threadx/ports/cortex_m0/gnu/tx_thread_context_restore.o
 .bss           0x20200058        0x0 ./threadx/ports/cortex_m0/gnu/tx_thread_context_save.o
 .bss           0x20200058        0x0 ./threadx/ports/cortex_m0/gnu/tx_thread_interrupt_control.o
 .bss           0x20200058        0x0 ./threadx/ports/cortex_m0/gnu/tx_thread_interrupt_disable.o
 .bss           0x20200058        0x0 ./threadx/ports/cortex_m0/gnu/tx_thread_interrupt_restore.o
 .bss           0x20200058        0x0 ./threadx/ports/cortex_m0/gnu/tx_thread_schedule.o
 .bss           0x20200058        0x0 ./threadx/ports/cortex_m0/gnu/tx_thread_stack_build.o
 .bss           0x20200058        0x0 ./threadx/ports/cortex_m0/gnu/tx_thread_system_return.o
 .bss           0x20200058        0x0 ./threadx/ports/cortex_m0/gnu/tx_timer_interrupt.o
 .bss           0x20200058        0x0 C:/ti/mspm0_sdk_2_04_00_06/source\ti/driverlib/lib/gcc/m0p/mspm0g1x0x_g3x0x/driverlib.a(dl_common.o)
 .bss           0x20200058        0x0 c:/ti/gcc-arm-none-eabi_10_3_2021/bin/../lib/gcc/arm-none-eabi/10.3.1/thumb/v6-m/nofp\libgcc.a(_udivsi3.o)
 .bss           0x20200058        0x0 c:/ti/gcc-arm-none-eabi_10_3_2021/bin/../lib/gcc/arm-none-eabi/10.3.1/thumb/v6-m/nofp\libgcc.a(_dvmd_tls.o)
 .bss           0x20200058        0x0 C:/ti/gcc-arm-none-eabi_10_3_2021/arm-none-eabi/lib/thumb/v6-m/nofp\libc.a(lib_a-init.o)
 *(.bss.*)
 .bss.memory_area
                0x20200058     0x2ee0 ./example_build.o
                0x20200058                memory_area
 .bss.thread_0  0x20202f38       0xb4 ./example_build.o
                0x20202f38                thread_0
 .bss.thread_1  0x20202fec       0xb4 ./example_build.o
                0x20202fec                thread_1
 .bss.thread_2  0x202030a0       0xb4 ./example_build.o
                0x202030a0                thread_2
 .bss.thread_3  0x20203154       0xb4 ./example_build.o
                0x20203154                thread_3
 .bss.thread_4  0x20203208       0xb4 ./example_build.o
                0x20203208                thread_4
 .bss.thread_5  0x202032bc       0xb4 ./example_build.o
                0x202032bc                thread_5
 .bss.thread_6  0x20203370       0xb4 ./example_build.o
                0x20203370                thread_6
 .bss.thread_7  0x20203424       0xb4 ./example_build.o
                0x20203424                thread_7
 .bss.queue_0   0x202034d8       0x3c ./example_build.o
                0x202034d8                queue_0
 .bss.semaphore_0
                0x20203514       0x20 ./example_build.o
                0x20203514                semaphore_0
 .bss.mutex_0   0x20203534       0x34 ./example_build.o
                0x20203534                mutex_0
 .bss.event_flags_0
                0x20203568       0x28 ./example_build.o
                0x20203568                event_flags_0
 .bss.byte_pool_0
                0x20203590       0x34 ./example_build.o
                0x20203590                byte_pool_0
 .bss.block_pool_0
                0x202035c4       0x30 ./example_build.o
                0x202035c4                block_pool_0
 .bss.thread_0_counter
                0x202035f4        0x4 ./example_build.o
                0x202035f4                thread_0_counter
 .bss.thread_1_counter
                0x202035f8        0x4 ./example_build.o
                0x202035f8                thread_1_counter
 .bss.thread_1_messages_sent
                0x202035fc        0x4 ./example_build.o
                0x202035fc                thread_1_messages_sent
 .bss.thread_2_counter
                0x20203600        0x4 ./example_build.o
                0x20203600                thread_2_counter
 .bss.thread_2_messages_received
                0x20203604        0x4 ./example_build.o
                0x20203604                thread_2_messages_received
 .bss.thread_3_counter
                0x20203608        0x4 ./example_build.o
                0x20203608                thread_3_counter
 .bss.thread_4_counter
                0x2020360c        0x4 ./example_build.o
                0x2020360c                thread_4_counter
 .bss.thread_5_counter
                0x20203610        0x4 ./example_build.o
                0x20203610                thread_5_counter
 .bss.thread_6_counter
                0x20203614        0x4 ./example_build.o
                0x20203614                thread_6_counter
 .bss.thread_7_counter
                0x20203618        0x4 ./example_build.o
                0x20203618                thread_7_counter
 .bss._tx_semaphore_created_ptr
                0x2020361c        0x4 ./threadx/common/src/tx_initialize_high_level.o
                0x2020361c                _tx_semaphore_created_ptr
 .bss._tx_semaphore_created_count
                0x20203620        0x4 ./threadx/common/src/tx_initialize_high_level.o
                0x20203620                _tx_semaphore_created_count
 .bss._tx_queue_created_ptr
                0x20203624        0x4 ./threadx/common/src/tx_initialize_high_level.o
                0x20203624                _tx_queue_created_ptr
 .bss._tx_queue_created_count
                0x20203628        0x4 ./threadx/common/src/tx_initialize_high_level.o
                0x20203628                _tx_queue_created_count
 .bss._tx_event_flags_created_ptr
                0x2020362c        0x4 ./threadx/common/src/tx_initialize_high_level.o
                0x2020362c                _tx_event_flags_created_ptr
 .bss._tx_event_flags_created_count
                0x20203630        0x4 ./threadx/common/src/tx_initialize_high_level.o
                0x20203630                _tx_event_flags_created_count
 .bss._tx_mutex_created_ptr
                0x20203634        0x4 ./threadx/common/src/tx_initialize_high_level.o
                0x20203634                _tx_mutex_created_ptr
 .bss._tx_mutex_created_count
                0x20203638        0x4 ./threadx/common/src/tx_initialize_high_level.o
                0x20203638                _tx_mutex_created_count
 .bss._tx_block_pool_created_ptr
                0x2020363c        0x4 ./threadx/common/src/tx_initialize_high_level.o
                0x2020363c                _tx_block_pool_created_ptr
 .bss._tx_block_pool_created_count
                0x20203640        0x4 ./threadx/common/src/tx_initialize_high_level.o
                0x20203640                _tx_block_pool_created_count
 .bss._tx_byte_pool_created_ptr
                0x20203644        0x4 ./threadx/common/src/tx_initialize_high_level.o
                0x20203644                _tx_byte_pool_created_ptr
 .bss._tx_byte_pool_created_count
                0x20203648        0x4 ./threadx/common/src/tx_initialize_high_level.o
                0x20203648                _tx_byte_pool_created_count
 .bss._tx_initialize_unused_memory
                0x2020364c        0x4 ./threadx/common/src/tx_initialize_high_level.o
                0x2020364c                _tx_initialize_unused_memory
 .bss._tx_thread_system_stack_ptr
                0x20203650        0x4 ./threadx/common/src/tx_thread_initialize.o
                0x20203650                _tx_thread_system_stack_ptr
 .bss._tx_thread_current_ptr
                0x20203654        0x4 ./threadx/common/src/tx_thread_initialize.o
                0x20203654                _tx_thread_current_ptr
 .bss._tx_thread_execute_ptr
                0x20203658        0x4 ./threadx/common/src/tx_thread_initialize.o
                0x20203658                _tx_thread_execute_ptr
 .bss._tx_thread_created_ptr
                0x2020365c        0x4 ./threadx/common/src/tx_thread_initialize.o
                0x2020365c                _tx_thread_created_ptr
 .bss._tx_thread_created_count
                0x20203660        0x4 ./threadx/common/src/tx_thread_initialize.o
                0x20203660                _tx_thread_created_count
 .bss._tx_thread_priority_maps
                0x20203664        0x4 ./threadx/common/src/tx_thread_initialize.o
                0x20203664                _tx_thread_priority_maps
 .bss._tx_thread_preempted_maps
                0x20203668        0x4 ./threadx/common/src/tx_thread_initialize.o
                0x20203668                _tx_thread_preempted_maps
 .bss._tx_thread_highest_priority
                0x2020366c        0x4 ./threadx/common/src/tx_thread_initialize.o
                0x2020366c                _tx_thread_highest_priority
 .bss._tx_thread_priority_list
                0x20203670       0x80 ./threadx/common/src/tx_thread_initialize.o
                0x20203670                _tx_thread_priority_list
 .bss._tx_thread_preempt_disable
                0x202036f0        0x4 ./threadx/common/src/tx_thread_initialize.o
                0x202036f0                _tx_thread_preempt_disable
 .bss._tx_thread_mutex_release
                0x202036f4        0x4 ./threadx/common/src/tx_thread_initialize.o
                0x202036f4                _tx_thread_mutex_release
 .bss._tx_build_options
                0x202036f8        0x4 ./threadx/common/src/tx_thread_initialize.o
                0x202036f8                _tx_build_options
 .bss._tx_timer_system_clock
                0x202036fc        0x4 ./threadx/common/src/tx_timer_initialize.o
                0x202036fc                _tx_timer_system_clock
 .bss._tx_timer_expired_time_slice
                0x20203700        0x4 ./threadx/common/src/tx_timer_initialize.o
                0x20203700                _tx_timer_expired_time_slice
 .bss._tx_timer_list
                0x20203704       0x80 ./threadx/common/src/tx_timer_initialize.o
                0x20203704                _tx_timer_list
 .bss._tx_timer_list_start
                0x20203784        0x4 ./threadx/common/src/tx_timer_initialize.o
                0x20203784                _tx_timer_list_start
 .bss._tx_timer_list_end
                0x20203788        0x4 ./threadx/common/src/tx_timer_initialize.o
                0x20203788                _tx_timer_list_end
 .bss._tx_timer_current_ptr
                0x2020378c        0x4 ./threadx/common/src/tx_timer_initialize.o
                0x2020378c                _tx_timer_current_ptr
 .bss._tx_timer_expired
                0x20203790        0x4 ./threadx/common/src/tx_timer_initialize.o
                0x20203790                _tx_timer_expired
 .bss._tx_timer_created_ptr
                0x20203794        0x4 ./threadx/common/src/tx_timer_initialize.o
                0x20203794                _tx_timer_created_ptr
 .bss._tx_timer_created_count
                0x20203798        0x4 ./threadx/common/src/tx_timer_initialize.o
                0x20203798                _tx_timer_created_count
 .bss._tx_timer_expired_timer_ptr
                0x2020379c        0x4 ./threadx/common/src/tx_timer_initialize.o
                0x2020379c                _tx_timer_expired_timer_ptr
 .bss._tx_timer_thread
                0x202037a0       0xb4 ./threadx/common/src/tx_timer_initialize.o
                0x202037a0                _tx_timer_thread
 .bss._tx_timer_stack_start
                0x20203854        0x4 ./threadx/common/src/tx_timer_initialize.o
                0x20203854                _tx_timer_stack_start
 .bss._tx_timer_stack_size
                0x20203858        0x4 ./threadx/common/src/tx_timer_initialize.o
                0x20203858                _tx_timer_stack_size
 .bss._tx_timer_priority
                0x2020385c        0x4 ./threadx/common/src/tx_timer_initialize.o
                0x2020385c                _tx_timer_priority
 .bss._tx_timer_thread_stack_area
                0x20203860      0x400 ./threadx/common/src/tx_timer_initialize.o
                0x20203860                _tx_timer_thread_stack_area
 .bss._tx_timer_time_slice
                0x20203c60        0x4 ./threadx/common/src/tx_timer_initialize.o
                0x20203c60                _tx_timer_time_slice
 *(COMMON)
                0x20203c68                . = ALIGN (0x8)
 *fill*         0x20203c64        0x4 
                0x20203c68                __bss_end__ = .

.noinit         0x20203c68        0x0
 *(*.noinit*)
                0x20203c68                . = ALIGN (0x8)

.heap           0x20203c68      0x100
                0x20203c68                __heap_start__ = .
                0x20203c68                end = __heap_start__
                0x20203c68                _end = end
                0x20203c68                __end = end
 *(.heap)
                0x20203d68                . = (. + _Heap_Size)
 *fill*         0x20203c68      0x100 
                0x20203d68                . = ALIGN (0x4)
                0x20203d68                __heap_end__ = .